Total messages: 136 (Errors: 37, Warnings: 40)
Returning 100 messages for level "info"

[INFO] Slow network is detected. See https://www.chromestatus.com/feature/5636954674692096 for more details. Fallback font will be used while loading: https://try-apparent-deer-via.trycloudflare.com/themes/classic/assets/css/52260854eea2d38939bf.woff2 @ https://try-apparent-deer-via.trycloudflare.com/es/home-accessories/19-customizable-mug.html:0
[INFO] Slow network is detected. See https://www.chromestatus.com/feature/5636954674692096 for more details. Fallback font will be used while loading: https://try-apparent-deer-via.trycloudflare.com/themes/classic/assets/css/250c120c3f8b2b0bb58e.woff2 @ https://try-apparent-deer-via.trycloudflare.com/es/home-accessories/19-customizable-mug.html:0
[INFO] Slow network is detected. See https://www.chromestatus.com/feature/5636954674692096 for more details. Fallback font will be used while loading: https://try-apparent-deer-via.trycloudflare.com/themes/classic/assets/css/dce0916af972e3040aa1.woff2 @ https://try-apparent-deer-via.trycloudflare.com/es/home-accessories/19-customizable-mug.html:0
[LOG] JQMIGRATE: Migrate is installed with logging active, version 3.1.0 @ https://try-apparent-deer-via.trycloudflare.com/themes/core.js:9
[ERROR] Failed to load resource: the server responded with a status of 404 () @ https://try-apparent-deer-via.trycloudflare.com/22-medium_default/customizable-mug.jpg:0
[WARNING] JQMIGRATE: jQuery.expr[':'] is deprecated; use jQuery.expr.pseudos @ https://try-apparent-deer-via.trycloudflare.com/themes/core.js:9
[WARNING] JQMIGRATE: jQuery.fn.mouseup() event shorthand is deprecated @ https://try-apparent-deer-via.trycloudflare.com/themes/core.js:9
[WARNING] JQMIGRATE: jQuery.fn.delegate() is deprecated @ https://try-apparent-deer-via.trycloudflare.com/themes/core.js:9
[ERROR] Failed to load resource: the server responded with a status of 404 () @ https://try-apparent-deer-via.trycloudflare.com/22-large_default/customizable-mug.jpg:0
[ERROR] Failed to load resource: the server responded with a status of 404 () @ https://try-apparent-deer-via.trycloudflare.com/22-small_default/customizable-mug.jpg:0
[WARNING] JQMIGRATE: 'ready' event is deprecated @ https://try-apparent-deer-via.trycloudflare.com/themes/core.js:9
[LOG] Epayco Checkout Components loaded @ https://try-apparent-deer-via.trycloudflare.com/modules/payco/views/js/checkouts/ep-plugins-components.js:31
[ERROR] Failed to load resource: the server responded with a status of 404 () @ https://try-apparent-deer-via.trycloudflare.com/22-home_default/customizable-mug.jpg:0
[WARNING] jQuery.Deferred exception: $(...).rating is not a function TypeError: $(...).rating is not a function
    at initCommentModal (https://try-apparent-deer-via.trycloudflare.com/modules/productcomments/views/js/post-comment.js:78:51)
    at HTMLDocument.<anonymous> (https://try-apparent-deer-via.trycloudflare.com/modules/productcomments/views/js/post-comment.js:143:3)
    at u (https://try-apparent-deer-via.trycloudflare.com/themes/core.js:37:30297)
    at l (https://try-apparent-deer-via.trycloudflare.com/themes/core.js:37:30599) undefined @ https://try-apparent-deer-via.trycloudflare.com/themes/core.js:36
[WARNING] jQuery.Deferred exception: $(...).rating is not a function TypeError: $(...).rating is not a function
    at HTMLDocument.<anonymous> (https://try-apparent-deer-via.trycloudflare.com/modules/productcomments/views/js/list-comments.js:42:21)
    at u (https://try-apparent-deer-via.trycloudflare.com/themes/core.js:37:30297)
    at l (https://try-apparent-deer-via.trycloudflare.com/themes/core.js:37:30599) undefined @ https://try-apparent-deer-via.trycloudflare.com/themes/core.js:36
[ERROR] Failed to load resource: the server responded with a status of 404 () @ https://try-apparent-deer-via.trycloudflare.com/11-home_default/brown-bear-cushion.jpg:0
[ERROR] Failed to load resource: the server responded with a status of 404 () @ https://try-apparent-deer-via.trycloudflare.com/9-home_default/mountain-fox-cushion.jpg:0
[ERROR] Failed to load resource: the server responded with a status of 404 () @ https://try-apparent-deer-via.trycloudflare.com/8-home_default/mug-today-is-a-good-day.jpg:0
[ERROR] Failed to load resource: the server responded with a status of 404 () @ https://try-apparent-deer-via.trycloudflare.com/13-home_default/hummingbird-cushion.jpg:0
[ERROR] Failed to load resource: the server responded with a status of 404 () @ https://try-apparent-deer-via.trycloudflare.com/23-home_default/pack-mug-framed-poster.jpg:0
[ERROR] Failed to load resource: the server responded with a status of 404 () @ https://try-apparent-deer-via.trycloudflare.com/7-home_default/mug-the-adventure-begins.jpg:0
[ERROR] Failed to load resource: the server responded with a status of 404 () @ https://try-apparent-deer-via.trycloudflare.com/6-home_default/mug-the-best-is-yet-to-come.jpg:0
[LOG] JQMIGRATE: Migrate is installed with logging active, version 3.1.0 @ https://try-apparent-deer-via.trycloudflare.com/themes/core.js:9
[WARNING] JQMIGRATE: jQuery.expr[':'] is deprecated; use jQuery.expr.pseudos @ https://try-apparent-deer-via.trycloudflare.com/themes/core.js:9
[WARNING] JQMIGRATE: jQuery.fn.mouseup() event shorthand is deprecated @ https://try-apparent-deer-via.trycloudflare.com/themes/core.js:9
[WARNING] JQMIGRATE: jQuery.fn.delegate() is deprecated @ https://try-apparent-deer-via.trycloudflare.com/themes/core.js:9
[WARNING] JQMIGRATE: 'ready' event is deprecated @ https://try-apparent-deer-via.trycloudflare.com/themes/core.js:9
[LOG] Epayco Checkout Components loaded @ https://try-apparent-deer-via.trycloudflare.com/modules/payco/views/js/checkouts/ep-plugins-components.js:31
[WARNING] jQuery.Deferred exception: $(...).rating is not a function TypeError: $(...).rating is not a function
    at initCommentModal (https://try-apparent-deer-via.trycloudflare.com/modules/productcomments/views/js/post-comment.js:78:51)
    at HTMLDocument.<anonymous> (https://try-apparent-deer-via.trycloudflare.com/modules/productcomments/views/js/post-comment.js:143:3)
    at u (https://try-apparent-deer-via.trycloudflare.com/themes/core.js:37:30297)
    at l (https://try-apparent-deer-via.trycloudflare.com/themes/core.js:37:30599) undefined @ https://try-apparent-deer-via.trycloudflare.com/themes/core.js:36
[WARNING] jQuery.Deferred exception: $(...).rating is not a function TypeError: $(...).rating is not a function
    at HTMLDocument.<anonymous> (https://try-apparent-deer-via.trycloudflare.com/modules/productcomments/views/js/list-comments.js:42:21)
    at u (https://try-apparent-deer-via.trycloudflare.com/themes/core.js:37:30297)
    at l (https://try-apparent-deer-via.trycloudflare.com/themes/core.js:37:30599) undefined @ https://try-apparent-deer-via.trycloudflare.com/themes/core.js:36
[ERROR] Failed to load resource: the server responded with a status of 404 () @ https://try-apparent-deer-via.trycloudflare.com/22-medium_default/customizable-mug.jpg:0
[ERROR] Failed to load resource: the server responded with a status of 404 () @ https://try-apparent-deer-via.trycloudflare.com/22-small_default/customizable-mug.jpg:0
[ERROR] Failed to load resource: the server responded with a status of 404 () @ https://try-apparent-deer-via.trycloudflare.com/22-large_default/customizable-mug.jpg:0
[ERROR] Failed to load resource: the server responded with a status of 404 () @ https://try-apparent-deer-via.trycloudflare.com/22-home_default/customizable-mug.jpg:0
[ERROR] Failed to load resource: the server responded with a status of 404 () @ https://try-apparent-deer-via.trycloudflare.com/11-home_default/brown-bear-cushion.jpg:0
[ERROR] Failed to load resource: the server responded with a status of 404 () @ https://try-apparent-deer-via.trycloudflare.com/13-home_default/hummingbird-cushion.jpg:0
[ERROR] Failed to load resource: the server responded with a status of 404 () @ https://try-apparent-deer-via.trycloudflare.com/7-home_default/mug-the-adventure-begins.jpg:0
[ERROR] Failed to load resource: the server responded with a status of 404 () @ https://try-apparent-deer-via.trycloudflare.com/8-home_default/mug-today-is-a-good-day.jpg:0
[ERROR] Failed to load resource: the server responded with a status of 404 () @ https://try-apparent-deer-via.trycloudflare.com/23-home_default/pack-mug-framed-poster.jpg:0
[ERROR] Failed to load resource: the server responded with a status of 404 () @ https://try-apparent-deer-via.trycloudflare.com/9-home_default/mountain-fox-cushion.jpg:0
[ERROR] Failed to load resource: the server responded with a status of 404 () @ https://try-apparent-deer-via.trycloudflare.com/6-home_default/mug-the-best-is-yet-to-come.jpg:0
[ERROR] Failed to load resource: the server responded with a status of 404 () @ https://try-apparent-deer-via.trycloudflare.com/22-home_default/customizable-mug.jpg:0
[LOG] JQMIGRATE: Migrate is installed with logging active, version 3.1.0 @ https://try-apparent-deer-via.trycloudflare.com/themes/core.js:9
[WARNING] JQMIGRATE: jQuery.expr[':'] is deprecated; use jQuery.expr.pseudos @ https://try-apparent-deer-via.trycloudflare.com/themes/core.js:9
[WARNING] JQMIGRATE: jQuery.fn.mouseup() event shorthand is deprecated @ https://try-apparent-deer-via.trycloudflare.com/themes/core.js:9
[WARNING] JQMIGRATE: jQuery.fn.delegate() is deprecated @ https://try-apparent-deer-via.trycloudflare.com/themes/core.js:9
[WARNING] JQMIGRATE: 'ready' event is deprecated @ https://try-apparent-deer-via.trycloudflare.com/themes/core.js:9
[LOG] Epayco Checkout Components loaded @ https://try-apparent-deer-via.trycloudflare.com/modules/payco/views/js/checkouts/ep-plugins-components.js:31
[ERROR] Failed to load resource: the server responded with a status of 404 () @ https://try-apparent-deer-via.trycloudflare.com/22-cart_default/customizable-mug.jpg:0
[LOG] JQMIGRATE: Migrate is installed with logging active, version 3.1.0 @ https://try-apparent-deer-via.trycloudflare.com/themes/core.js:9
[WARNING] JQMIGRATE: jQuery.expr[':'] is deprecated; use jQuery.expr.pseudos @ https://try-apparent-deer-via.trycloudflare.com/themes/core.js:9
[WARNING] JQMIGRATE: jQuery.fn.mouseup() event shorthand is deprecated @ https://try-apparent-deer-via.trycloudflare.com/themes/core.js:9
[WARNING] JQMIGRATE: jQuery.fn.delegate() is deprecated @ https://try-apparent-deer-via.trycloudflare.com/themes/core.js:9
[WARNING] JQMIGRATE: 'ready' event is deprecated @ https://try-apparent-deer-via.trycloudflare.com/themes/core.js:9
[LOG] Epayco Checkout Components loaded @ https://try-apparent-deer-via.trycloudflare.com/modules/payco/views/js/checkouts/ep-plugins-components.js:31
[VERBOSE] [DOM] Input elements should have autocomplete attributes (suggested: "current-password"): (More info: https://goo.gl/9p2vKq) %o @ https://try-apparent-deer-via.trycloudflare.com/es/pedido:0
[WARNING] JQMIGRATE: jQuery.fn.submit() event shorthand is deprecated @ https://try-apparent-deer-via.trycloudflare.com/themes/core.js:9
[LOG] JQMIGRATE: Migrate is installed with logging active, version 3.1.0 @ https://try-apparent-deer-via.trycloudflare.com/themes/core.js:9
[WARNING] JQMIGRATE: jQuery.expr[':'] is deprecated; use jQuery.expr.pseudos @ https://try-apparent-deer-via.trycloudflare.com/themes/core.js:9
[WARNING] JQMIGRATE: jQuery.fn.mouseup() event shorthand is deprecated @ https://try-apparent-deer-via.trycloudflare.com/themes/core.js:9
[WARNING] JQMIGRATE: jQuery.fn.delegate() is deprecated @ https://try-apparent-deer-via.trycloudflare.com/themes/core.js:9
[WARNING] JQMIGRATE: 'ready' event is deprecated @ https://try-apparent-deer-via.trycloudflare.com/themes/core.js:9
[LOG] Epayco Checkout Components loaded @ https://try-apparent-deer-via.trycloudflare.com/modules/payco/views/js/checkouts/ep-plugins-components.js:31
[VERBOSE] [DOM] Input elements should have autocomplete attributes (suggested: "current-password"): (More info: https://goo.gl/9p2vKq) %o @ https://try-apparent-deer-via.trycloudflare.com/es/pedido:0
[WARNING] JQMIGRATE: jQuery.fn.submit() event shorthand is deprecated @ https://try-apparent-deer-via.trycloudflare.com/themes/core.js:9
[LOG] JQMIGRATE: Migrate is installed with logging active, version 3.1.0 @ https://try-apparent-deer-via.trycloudflare.com/themes/core.js:9
[WARNING] JQMIGRATE: jQuery.expr[':'] is deprecated; use jQuery.expr.pseudos @ https://try-apparent-deer-via.trycloudflare.com/themes/core.js:9
[WARNING] JQMIGRATE: jQuery.fn.mouseup() event shorthand is deprecated @ https://try-apparent-deer-via.trycloudflare.com/themes/core.js:9
[WARNING] JQMIGRATE: jQuery.fn.delegate() is deprecated @ https://try-apparent-deer-via.trycloudflare.com/themes/core.js:9
[WARNING] JQMIGRATE: 'ready' event is deprecated @ https://try-apparent-deer-via.trycloudflare.com/themes/core.js:9
[LOG] Epayco Checkout Components loaded @ https://try-apparent-deer-via.trycloudflare.com/modules/payco/views/js/checkouts/ep-plugins-components.js:31
[VERBOSE] [DOM] Input elements should have autocomplete attributes (suggested: "current-password"): (More info: https://goo.gl/9p2vKq) %o @ https://try-apparent-deer-via.trycloudflare.com/es/pedido:0
[WARNING] JQMIGRATE: jQuery.fn.submit() event shorthand is deprecated @ https://try-apparent-deer-via.trycloudflare.com/themes/core.js:9
[LOG] JQMIGRATE: Migrate is installed with logging active, version 3.1.0 @ https://try-apparent-deer-via.trycloudflare.com/themes/core.js:9
[WARNING] JQMIGRATE: jQuery.expr[':'] is deprecated; use jQuery.expr.pseudos @ https://try-apparent-deer-via.trycloudflare.com/themes/core.js:9
[WARNING] JQMIGRATE: jQuery.fn.mouseup() event shorthand is deprecated @ https://try-apparent-deer-via.trycloudflare.com/themes/core.js:9
[WARNING] JQMIGRATE: jQuery.fn.delegate() is deprecated @ https://try-apparent-deer-via.trycloudflare.com/themes/core.js:9
[WARNING] JQMIGRATE: 'ready' event is deprecated @ https://try-apparent-deer-via.trycloudflare.com/themes/core.js:9
[LOG] Epayco Checkout Components loaded @ https://try-apparent-deer-via.trycloudflare.com/modules/payco/views/js/checkouts/ep-plugins-components.js:31
[VERBOSE] [DOM] Input elements should have autocomplete attributes (suggested: "current-password"): (More info: https://goo.gl/9p2vKq) %o @ https://try-apparent-deer-via.trycloudflare.com/es/pedido:0
[WARNING] JQMIGRATE: jQuery.fn.submit() event shorthand is deprecated @ https://try-apparent-deer-via.trycloudflare.com/themes/core.js:9
[LOG] JQMIGRATE: Migrate is installed with logging active, version 3.1.0 @ https://try-apparent-deer-via.trycloudflare.com/themes/core.js:9
[WARNING] JQMIGRATE: jQuery.expr[':'] is deprecated; use jQuery.expr.pseudos @ https://try-apparent-deer-via.trycloudflare.com/themes/core.js:9
[WARNING] JQMIGRATE: jQuery.fn.mouseup() event shorthand is deprecated @ https://try-apparent-deer-via.trycloudflare.com/themes/core.js:9
[WARNING] JQMIGRATE: jQuery.fn.delegate() is deprecated @ https://try-apparent-deer-via.trycloudflare.com/themes/core.js:9
[WARNING] JQMIGRATE: 'ready' event is deprecated @ https://try-apparent-deer-via.trycloudflare.com/themes/core.js:9
[LOG] Epayco Checkout Components loaded @ https://try-apparent-deer-via.trycloudflare.com/modules/payco/views/js/checkouts/ep-plugins-components.js:31
TypeError: Cannot read properties of undefined (reading 'autocomplete')
    at HTMLDocument.<anonymous> (https://try-apparent-deer-via.trycloudflare.com/modules/ps_searchbar/ps_searchbar.js:8:59)
    at j (https://try-apparent-deer-via.trycloudflare.com/modules/payco/views/js/jquery-1.11.0.min.js:30:27136)
    at Object.fireWith [as resolveWith] (https://try-apparent-deer-via.trycloudflare.com/modules/payco/views/js/jquery-1.11.0.min.js:30:27949)
    at n.ready (https://try-apparent-deer-via.trycloudflare.com/modules/payco/views/js/jquery-1.11.0.min.js:30:29783)
    at HTMLDocument.K (https://try-apparent-deer-via.trycloudflare.com/modules/payco/views/js/jquery-1.11.0.min.js:30:30128)
TypeError: $(...).rating is not a function
    at initCommentModal (https://try-apparent-deer-via.trycloudflare.com/modules/productcomments/views/js/post-comment.js:78:51)
    at HTMLDocument.<anonymous> (https://try-apparent-deer-via.trycloudflare.com/modules/productcomments/views/js/post-comment.js:143:3)
    at u (https://try-apparent-deer-via.trycloudflare.com/themes/core.js:37:30297)
    at l (https://try-apparent-deer-via.trycloudflare.com/themes/core.js:37:30599)
TypeError: $(...).rating is not a function
    at HTMLDocument.<anonymous> (https://try-apparent-deer-via.trycloudflare.com/modules/productcomments/views/js/list-comments.js:42:21)
    at u (https://try-apparent-deer-via.trycloudflare.com/themes/core.js:37:30297)
    at l (https://try-apparent-deer-via.trycloudflare.com/themes/core.js:37:30599)
TypeError: Cannot read properties of undefined (reading 'autocomplete')
    at HTMLDocument.<anonymous> (https://try-apparent-deer-via.trycloudflare.com/modules/ps_searchbar/ps_searchbar.js:8:59)
    at j (https://try-apparent-deer-via.trycloudflare.com/modules/payco/views/js/jquery-1.11.0.min.js:30:27136)
    at Object.fireWith [as resolveWith] (https://try-apparent-deer-via.trycloudflare.com/modules/payco/views/js/jquery-1.11.0.min.js:30:27949)
    at n.ready (https://try-apparent-deer-via.trycloudflare.com/modules/payco/views/js/jquery-1.11.0.min.js:30:29783)
    at HTMLDocument.K (https://try-apparent-deer-via.trycloudflare.com/modules/payco/views/js/jquery-1.11.0.min.js:30:30128)
TypeError: $(...).rating is not a function
    at initCommentModal (https://try-apparent-deer-via.trycloudflare.com/modules/productcomments/views/js/post-comment.js:78:51)
    at HTMLDocument.<anonymous> (https://try-apparent-deer-via.trycloudflare.com/modules/productcomments/views/js/post-comment.js:143:3)
    at u (https://try-apparent-deer-via.trycloudflare.com/themes/core.js:37:30297)
    at l (https://try-apparent-deer-via.trycloudflare.com/themes/core.js:37:30599)
TypeError: $(...).rating is not a function
    at HTMLDocument.<anonymous> (https://try-apparent-deer-via.trycloudflare.com/modules/productcomments/views/js/list-comments.js:42:21)
    at u (https://try-apparent-deer-via.trycloudflare.com/themes/core.js:37:30297)
    at l (https://try-apparent-deer-via.trycloudflare.com/themes/core.js:37:30599)
TypeError: Cannot read properties of undefined (reading 'autocomplete')
    at HTMLDocument.<anonymous> (https://try-apparent-deer-via.trycloudflare.com/modules/ps_searchbar/ps_searchbar.js:8:59)
    at j (https://try-apparent-deer-via.trycloudflare.com/modules/payco/views/js/jquery-1.11.0.min.js:30:27136)
    at Object.fireWith [as resolveWith] (https://try-apparent-deer-via.trycloudflare.com/modules/payco/views/js/jquery-1.11.0.min.js:30:27949)
    at n.ready (https://try-apparent-deer-via.trycloudflare.com/modules/payco/views/js/jquery-1.11.0.min.js:30:29783)
    at HTMLDocument.K (https://try-apparent-deer-via.trycloudflare.com/modules/payco/views/js/jquery-1.11.0.min.js:30:30128)
TypeError: Cannot read properties of undefined (reading 'autocomplete')
    at HTMLDocument.<anonymous> (https://try-apparent-deer-via.trycloudflare.com/modules/ps_searchbar/ps_searchbar.js:8:59)
    at j (https://try-apparent-deer-via.trycloudflare.com/modules/payco/views/js/jquery-1.11.0.min.js:30:27136)
    at Object.fireWith [as resolveWith] (https://try-apparent-deer-via.trycloudflare.com/modules/payco/views/js/jquery-1.11.0.min.js:30:27949)
    at n.ready (https://try-apparent-deer-via.trycloudflare.com/modules/payco/views/js/jquery-1.11.0.min.js:30:29783)
    at HTMLDocument.K (https://try-apparent-deer-via.trycloudflare.com/modules/payco/views/js/jquery-1.11.0.min.js:30:30128)
TypeError: Cannot read properties of undefined (reading 'autocomplete')
    at HTMLDocument.<anonymous> (https://try-apparent-deer-via.trycloudflare.com/modules/ps_searchbar/ps_searchbar.js:8:59)
    at j (https://try-apparent-deer-via.trycloudflare.com/modules/payco/views/js/jquery-1.11.0.min.js:30:27136)
    at Object.fireWith [as resolveWith] (https://try-apparent-deer-via.trycloudflare.com/modules/payco/views/js/jquery-1.11.0.min.js:30:27949)
    at n.ready (https://try-apparent-deer-via.trycloudflare.com/modules/payco/views/js/jquery-1.11.0.min.js:30:29783)
    at HTMLDocument.K (https://try-apparent-deer-via.trycloudflare.com/modules/payco/views/js/jquery-1.11.0.min.js:30:30128)
TypeError: Cannot read properties of undefined (reading 'autocomplete')
    at HTMLDocument.<anonymous> (https://try-apparent-deer-via.trycloudflare.com/modules/ps_searchbar/ps_searchbar.js:8:59)
    at j (https://try-apparent-deer-via.trycloudflare.com/modules/payco/views/js/jquery-1.11.0.min.js:30:27136)
    at Object.fireWith [as resolveWith] (https://try-apparent-deer-via.trycloudflare.com/modules/payco/views/js/jquery-1.11.0.min.js:30:27949)
    at n.ready (https://try-apparent-deer-via.trycloudflare.com/modules/payco/views/js/jquery-1.11.0.min.js:30:29783)
    at HTMLDocument.K (https://try-apparent-deer-via.trycloudflare.com/modules/payco/views/js/jquery-1.11.0.min.js:30:30128)
TypeError: Cannot read properties of undefined (reading 'autocomplete')
    at HTMLDocument.<anonymous> (https://try-apparent-deer-via.trycloudflare.com/modules/ps_searchbar/ps_searchbar.js:8:59)
    at j (https://try-apparent-deer-via.trycloudflare.com/modules/payco/views/js/jquery-1.11.0.min.js:30:27136)
    at Object.fireWith [as resolveWith] (https://try-apparent-deer-via.trycloudflare.com/modules/payco/views/js/jquery-1.11.0.min.js:30:27949)
    at n.ready (https://try-apparent-deer-via.trycloudflare.com/modules/payco/views/js/jquery-1.11.0.min.js:30:29783)
    at HTMLDocument.K (https://try-apparent-deer-via.trycloudflare.com/modules/payco/views/js/jquery-1.11.0.min.js:30:30128)
TypeError: Cannot read properties of undefined (reading 'undefined')
    at HTMLDivElement.<anonymous> (https://try-apparent-deer-via.trycloudflare.com/modules/payco/views/js/checkouts/ep-plugins-components.js:4511:57)
    at HTMLDivElement.<anonymous> (https://try-apparent-deer-via.trycloudflare.com/modules/payco/views/js/checkouts/ep-plugins-components.js:4646:34)
TypeError: Cannot read properties of undefined (reading 'autocomplete')
    at HTMLDocument.<anonymous> (https://try-apparent-deer-via.trycloudflare.com/modules/ps_searchbar/ps_searchbar.js:8:59)
    at j (https://try-apparent-deer-via.trycloudflare.com/modules/payco/views/js/jquery-1.11.0.min.js:30:27136)
    at Object.fireWith [as resolveWith] (https://try-apparent-deer-via.trycloudflare.com/modules/payco/views/js/jquery-1.11.0.min.js:30:27949)
    at n.ready (https://try-apparent-deer-via.trycloudflare.com/modules/payco/views/js/jquery-1.11.0.min.js:30:29783)
    at HTMLDocument.K (https://try-apparent-deer-via.trycloudflare.com/modules/payco/views/js/jquery-1.11.0.min.js:30:30128)