[     878ms] [WARNING] JQMIGRATE: jQuery.expr[':'] is deprecated; use jQuery.expr.pseudos @ https://theories-jefferson-apps-pushing.trycloudflare.com/themes/core.js:9
[     881ms] [WARNING] JQMIGRATE: jQuery.fn.mouseup() event shorthand is deprecated @ https://theories-jefferson-apps-pushing.trycloudflare.com/themes/core.js:9
[     887ms] [WARNING] JQMIGRATE: jQuery.fn.delegate() is deprecated @ https://theories-jefferson-apps-pushing.trycloudflare.com/themes/core.js:9
[     901ms] [WARNING] JQMIGRATE: 'ready' event is deprecated @ https://theories-jefferson-apps-pushing.trycloudflare.com/themes/core.js:9
[    1477ms] TypeError: Cannot read properties of undefined (reading 'autocomplete')
    at HTMLDocument.<anonymous> (https://theories-jefferson-apps-pushing.trycloudflare.com/modules/ps_searchbar/ps_searchbar.js:8:59)
    at j (https://theories-jefferson-apps-pushing.trycloudflare.com/modules/payco/views/js/jquery-1.11.0.min.js:30:27136)
    at Object.fireWith [as resolveWith] (https://theories-jefferson-apps-pushing.trycloudflare.com/modules/payco/views/js/jquery-1.11.0.min.js:30:27949)
    at n.ready (https://theories-jefferson-apps-pushing.trycloudflare.com/modules/payco/views/js/jquery-1.11.0.min.js:30:29783)
    at HTMLDocument.K (https://theories-jefferson-apps-pushing.trycloudflare.com/modules/payco/views/js/jquery-1.11.0.min.js:30:30128)
[    1498ms] [WARNING] jQuery.Deferred exception: $(...).rating is not a function TypeError: $(...).rating is not a function
    at initCommentModal (https://theories-jefferson-apps-pushing.trycloudflare.com/modules/productcomments/views/js/post-comment.js:78:51)
    at HTMLDocument.<anonymous> (https://theories-jefferson-apps-pushing.trycloudflare.com/modules/productcomments/views/js/post-comment.js:143:3)
    at u (https://theories-jefferson-apps-pushing.trycloudflare.com/themes/core.js:37:30297)
    at l (https://theories-jefferson-apps-pushing.trycloudflare.com/themes/core.js:37:30599) undefined @ https://theories-jefferson-apps-pushing.trycloudflare.com/themes/core.js:36
[    1499ms] [WARNING] jQuery.Deferred exception: $(...).rating is not a function TypeError: $(...).rating is not a function
    at HTMLDocument.<anonymous> (https://theories-jefferson-apps-pushing.trycloudflare.com/modules/productcomments/views/js/list-comments.js:42:21)
    at u (https://theories-jefferson-apps-pushing.trycloudflare.com/themes/core.js:37:30297)
    at l (https://theories-jefferson-apps-pushing.trycloudflare.com/themes/core.js:37:30599) undefined @ https://theories-jefferson-apps-pushing.trycloudflare.com/themes/core.js:36
[    1518ms] TypeError: $(...).rating is not a function
    at initCommentModal (https://theories-jefferson-apps-pushing.trycloudflare.com/modules/productcomments/views/js/post-comment.js:78:51)
    at HTMLDocument.<anonymous> (https://theories-jefferson-apps-pushing.trycloudflare.com/modules/productcomments/views/js/post-comment.js:143:3)
    at u (https://theories-jefferson-apps-pushing.trycloudflare.com/themes/core.js:37:30297)
    at l (https://theories-jefferson-apps-pushing.trycloudflare.com/themes/core.js:37:30599)
[    1519ms] TypeError: $(...).rating is not a function
    at HTMLDocument.<anonymous> (https://theories-jefferson-apps-pushing.trycloudflare.com/modules/productcomments/views/js/list-comments.js:42:21)
    at u (https://theories-jefferson-apps-pushing.trycloudflare.com/themes/core.js:37:30297)
    at l (https://theories-jefferson-apps-pushing.trycloudflare.com/themes/core.js:37:30599)
