[     707ms] [WARNING] JQMIGRATE: jQuery.expr[':'] is deprecated; use jQuery.expr.pseudos @ https://try-apparent-deer-via.trycloudflare.com/themes/core.js:9
[     712ms] [WARNING] JQMIGRATE: jQuery.fn.mouseup() event shorthand is deprecated @ https://try-apparent-deer-via.trycloudflare.com/themes/core.js:9
[     719ms] [WARNING] JQMIGRATE: jQuery.fn.delegate() is deprecated @ https://try-apparent-deer-via.trycloudflare.com/themes/core.js:9
[     747ms] [WARNING] JQMIGRATE: 'ready' event is deprecated @ https://try-apparent-deer-via.trycloudflare.com/themes/core.js:9
[     884ms] TypeError: Cannot read properties of undefined (reading 'autocomplete')
    at HTMLDocument.<anonymous> (https://try-apparent-deer-via.trycloudflare.com/modules/ps_searchbar/ps_searchbar.js:8:59)
    at j (https://try-apparent-deer-via.trycloudflare.com/modules/payco/views/js/jquery-1.11.0.min.js:30:27136)
    at Object.fireWith [as resolveWith] (https://try-apparent-deer-via.trycloudflare.com/modules/payco/views/js/jquery-1.11.0.min.js:30:27949)
    at n.ready (https://try-apparent-deer-via.trycloudflare.com/modules/payco/views/js/jquery-1.11.0.min.js:30:29783)
    at HTMLDocument.K (https://try-apparent-deer-via.trycloudflare.com/modules/payco/views/js/jquery-1.11.0.min.js:30:30128)
[     904ms] [WARNING] jQuery.Deferred exception: $(...).rating is not a function TypeError: $(...).rating is not a function
    at initCommentModal (https://try-apparent-deer-via.trycloudflare.com/modules/productcomments/views/js/post-comment.js:78:51)
    at HTMLDocument.<anonymous> (https://try-apparent-deer-via.trycloudflare.com/modules/productcomments/views/js/post-comment.js:143:3)
    at u (https://try-apparent-deer-via.trycloudflare.com/themes/core.js:37:30297)
    at l (https://try-apparent-deer-via.trycloudflare.com/themes/core.js:37:30599) undefined @ https://try-apparent-deer-via.trycloudflare.com/themes/core.js:36
[     905ms] [WARNING] jQuery.Deferred exception: $(...).rating is not a function TypeError: $(...).rating is not a function
    at HTMLDocument.<anonymous> (https://try-apparent-deer-via.trycloudflare.com/modules/productcomments/views/js/list-comments.js:42:21)
    at u (https://try-apparent-deer-via.trycloudflare.com/themes/core.js:37:30297)
    at l (https://try-apparent-deer-via.trycloudflare.com/themes/core.js:37:30599) undefined @ https://try-apparent-deer-via.trycloudflare.com/themes/core.js:36
[     917ms] TypeError: $(...).rating is not a function
    at initCommentModal (https://try-apparent-deer-via.trycloudflare.com/modules/productcomments/views/js/post-comment.js:78:51)
    at HTMLDocument.<anonymous> (https://try-apparent-deer-via.trycloudflare.com/modules/productcomments/views/js/post-comment.js:143:3)
    at u (https://try-apparent-deer-via.trycloudflare.com/themes/core.js:37:30297)
    at l (https://try-apparent-deer-via.trycloudflare.com/themes/core.js:37:30599)
[     917ms] TypeError: $(...).rating is not a function
    at HTMLDocument.<anonymous> (https://try-apparent-deer-via.trycloudflare.com/modules/productcomments/views/js/list-comments.js:42:21)
    at u (https://try-apparent-deer-via.trycloudflare.com/themes/core.js:37:30297)
    at l (https://try-apparent-deer-via.trycloudflare.com/themes/core.js:37:30599)
[     982ms] [ERROR] Failed to load resource: the server responded with a status of 404 () @ https://try-apparent-deer-via.trycloudflare.com/22-medium_default/customizable-mug.jpg:0
[    1010ms] [ERROR] Failed to load resource: the server responded with a status of 404 () @ https://try-apparent-deer-via.trycloudflare.com/22-large_default/customizable-mug.jpg:0
[    1028ms] [ERROR] Failed to load resource: the server responded with a status of 404 () @ https://try-apparent-deer-via.trycloudflare.com/22-home_default/customizable-mug.jpg:0
[    1041ms] [ERROR] Failed to load resource: the server responded with a status of 404 () @ https://try-apparent-deer-via.trycloudflare.com/23-home_default/pack-mug-framed-poster.jpg:0
[    1102ms] [ERROR] Failed to load resource: the server responded with a status of 404 () @ https://try-apparent-deer-via.trycloudflare.com/7-home_default/mug-the-adventure-begins.jpg:0
[    1131ms] [ERROR] Failed to load resource: the server responded with a status of 404 () @ https://try-apparent-deer-via.trycloudflare.com/22-small_default/customizable-mug.jpg:0
[    1145ms] [ERROR] Failed to load resource: the server responded with a status of 404 () @ https://try-apparent-deer-via.trycloudflare.com/13-home_default/hummingbird-cushion.jpg:0
[    1150ms] [ERROR] Failed to load resource: the server responded with a status of 404 () @ https://try-apparent-deer-via.trycloudflare.com/9-home_default/mountain-fox-cushion.jpg:0
[   15837ms] [WARNING] JQMIGRATE: jQuery.expr[':'] is deprecated; use jQuery.expr.pseudos @ https://try-apparent-deer-via.trycloudflare.com/themes/core.js:9
[   15839ms] [WARNING] JQMIGRATE: jQuery.fn.mouseup() event shorthand is deprecated @ https://try-apparent-deer-via.trycloudflare.com/themes/core.js:9
[   15841ms] [WARNING] JQMIGRATE: jQuery.fn.delegate() is deprecated @ https://try-apparent-deer-via.trycloudflare.com/themes/core.js:9
[   15853ms] [WARNING] JQMIGRATE: 'ready' event is deprecated @ https://try-apparent-deer-via.trycloudflare.com/themes/core.js:9
[   15901ms] TypeError: Cannot read properties of undefined (reading 'autocomplete')
    at HTMLDocument.<anonymous> (https://try-apparent-deer-via.trycloudflare.com/modules/ps_searchbar/ps_searchbar.js:8:59)
    at j (https://try-apparent-deer-via.trycloudflare.com/modules/payco/views/js/jquery-1.11.0.min.js:30:27136)
    at Object.fireWith [as resolveWith] (https://try-apparent-deer-via.trycloudflare.com/modules/payco/views/js/jquery-1.11.0.min.js:30:27949)
    at n.ready (https://try-apparent-deer-via.trycloudflare.com/modules/payco/views/js/jquery-1.11.0.min.js:30:29783)
    at HTMLDocument.K (https://try-apparent-deer-via.trycloudflare.com/modules/payco/views/js/jquery-1.11.0.min.js:30:30128)
[   15910ms] [WARNING] jQuery.Deferred exception: $(...).rating is not a function TypeError: $(...).rating is not a function
    at initCommentModal (https://try-apparent-deer-via.trycloudflare.com/modules/productcomments/views/js/post-comment.js:78:51)
    at HTMLDocument.<anonymous> (https://try-apparent-deer-via.trycloudflare.com/modules/productcomments/views/js/post-comment.js:143:3)
    at u (https://try-apparent-deer-via.trycloudflare.com/themes/core.js:37:30297)
    at l (https://try-apparent-deer-via.trycloudflare.com/themes/core.js:37:30599) undefined @ https://try-apparent-deer-via.trycloudflare.com/themes/core.js:36
[   15910ms] [WARNING] jQuery.Deferred exception: $(...).rating is not a function TypeError: $(...).rating is not a function
    at HTMLDocument.<anonymous> (https://try-apparent-deer-via.trycloudflare.com/modules/productcomments/views/js/list-comments.js:42:21)
    at u (https://try-apparent-deer-via.trycloudflare.com/themes/core.js:37:30297)
    at l (https://try-apparent-deer-via.trycloudflare.com/themes/core.js:37:30599) undefined @ https://try-apparent-deer-via.trycloudflare.com/themes/core.js:36
[   15924ms] TypeError: $(...).rating is not a function
    at initCommentModal (https://try-apparent-deer-via.trycloudflare.com/modules/productcomments/views/js/post-comment.js:78:51)
    at HTMLDocument.<anonymous> (https://try-apparent-deer-via.trycloudflare.com/modules/productcomments/views/js/post-comment.js:143:3)
    at u (https://try-apparent-deer-via.trycloudflare.com/themes/core.js:37:30297)
    at l (https://try-apparent-deer-via.trycloudflare.com/themes/core.js:37:30599)
[   15925ms] TypeError: $(...).rating is not a function
    at HTMLDocument.<anonymous> (https://try-apparent-deer-via.trycloudflare.com/modules/productcomments/views/js/list-comments.js:42:21)
    at u (https://try-apparent-deer-via.trycloudflare.com/themes/core.js:37:30297)
    at l (https://try-apparent-deer-via.trycloudflare.com/themes/core.js:37:30599)
[   16086ms] [ERROR] Failed to load resource: the server responded with a status of 404 () @ https://try-apparent-deer-via.trycloudflare.com/22-large_default/customizable-mug.jpg:0
[   16172ms] [ERROR] Failed to load resource: the server responded with a status of 404 () @ https://try-apparent-deer-via.trycloudflare.com/22-medium_default/customizable-mug.jpg:0
[   16174ms] [ERROR] Failed to load resource: the server responded with a status of 404 () @ https://try-apparent-deer-via.trycloudflare.com/22-home_default/customizable-mug.jpg:0
[   16179ms] [ERROR] Failed to load resource: the server responded with a status of 404 () @ https://try-apparent-deer-via.trycloudflare.com/22-small_default/customizable-mug.jpg:0
[   16202ms] [ERROR] Failed to load resource: the server responded with a status of 404 () @ https://try-apparent-deer-via.trycloudflare.com/7-home_default/mug-the-adventure-begins.jpg:0
[   16216ms] [ERROR] Failed to load resource: the server responded with a status of 404 () @ https://try-apparent-deer-via.trycloudflare.com/13-home_default/hummingbird-cushion.jpg:0
[   16228ms] [ERROR] Failed to load resource: the server responded with a status of 404 () @ https://try-apparent-deer-via.trycloudflare.com/9-home_default/mountain-fox-cushion.jpg:0
[   16251ms] [ERROR] Failed to load resource: the server responded with a status of 404 () @ https://try-apparent-deer-via.trycloudflare.com/23-home_default/pack-mug-framed-poster.jpg:0
[   24178ms] [ERROR] Failed to load resource: the server responded with a status of 404 () @ https://try-apparent-deer-via.trycloudflare.com/11-home_default/brown-bear-cushion.jpg:0
[   24206ms] [ERROR] Failed to load resource: the server responded with a status of 404 () @ https://try-apparent-deer-via.trycloudflare.com/8-home_default/mug-today-is-a-good-day.jpg:0
[   24232ms] [ERROR] Failed to load resource: the server responded with a status of 404 () @ https://try-apparent-deer-via.trycloudflare.com/6-home_default/mug-the-best-is-yet-to-come.jpg:0
[   24781ms] [ERROR] Failed to load resource: the server responded with a status of 404 () @ https://try-apparent-deer-via.trycloudflare.com/22-home_default/customizable-mug.jpg:0
[   32670ms] [WARNING] JQMIGRATE: jQuery.expr[':'] is deprecated; use jQuery.expr.pseudos @ https://try-apparent-deer-via.trycloudflare.com/themes/core.js:9
[   32677ms] [WARNING] JQMIGRATE: jQuery.fn.mouseup() event shorthand is deprecated @ https://try-apparent-deer-via.trycloudflare.com/themes/core.js:9
[   32679ms] [WARNING] JQMIGRATE: jQuery.fn.delegate() is deprecated @ https://try-apparent-deer-via.trycloudflare.com/themes/core.js:9
[   32687ms] [WARNING] JQMIGRATE: 'ready' event is deprecated @ https://try-apparent-deer-via.trycloudflare.com/themes/core.js:9
[   32714ms] TypeError: Cannot read properties of undefined (reading 'autocomplete')
    at HTMLDocument.<anonymous> (https://try-apparent-deer-via.trycloudflare.com/modules/ps_searchbar/ps_searchbar.js:8:59)
    at j (https://try-apparent-deer-via.trycloudflare.com/modules/payco/views/js/jquery-1.11.0.min.js:30:27136)
    at Object.fireWith [as resolveWith] (https://try-apparent-deer-via.trycloudflare.com/modules/payco/views/js/jquery-1.11.0.min.js:30:27949)
    at n.ready (https://try-apparent-deer-via.trycloudflare.com/modules/payco/views/js/jquery-1.11.0.min.js:30:29783)
    at HTMLDocument.K (https://try-apparent-deer-via.trycloudflare.com/modules/payco/views/js/jquery-1.11.0.min.js:30:30128)
[   33071ms] [ERROR] Failed to load resource: the server responded with a status of 404 () @ https://try-apparent-deer-via.trycloudflare.com/22-cart_default/customizable-mug.jpg:0
[   42663ms] [WARNING] JQMIGRATE: jQuery.expr[':'] is deprecated; use jQuery.expr.pseudos @ https://try-apparent-deer-via.trycloudflare.com/themes/core.js:9
[   42670ms] [WARNING] JQMIGRATE: jQuery.fn.mouseup() event shorthand is deprecated @ https://try-apparent-deer-via.trycloudflare.com/themes/core.js:9
[   42673ms] [WARNING] JQMIGRATE: jQuery.fn.delegate() is deprecated @ https://try-apparent-deer-via.trycloudflare.com/themes/core.js:9
[   42682ms] [WARNING] JQMIGRATE: 'ready' event is deprecated @ https://try-apparent-deer-via.trycloudflare.com/themes/core.js:9
[   42700ms] TypeError: Cannot read properties of undefined (reading 'autocomplete')
    at HTMLDocument.<anonymous> (https://try-apparent-deer-via.trycloudflare.com/modules/ps_searchbar/ps_searchbar.js:8:59)
    at j (https://try-apparent-deer-via.trycloudflare.com/modules/payco/views/js/jquery-1.11.0.min.js:30:27136)
    at Object.fireWith [as resolveWith] (https://try-apparent-deer-via.trycloudflare.com/modules/payco/views/js/jquery-1.11.0.min.js:30:27949)
    at n.ready (https://try-apparent-deer-via.trycloudflare.com/modules/payco/views/js/jquery-1.11.0.min.js:30:29783)
    at HTMLDocument.K (https://try-apparent-deer-via.trycloudflare.com/modules/payco/views/js/jquery-1.11.0.min.js:30:30128)
[   42704ms] [WARNING] JQMIGRATE: jQuery.fn.submit() event shorthand is deprecated @ https://try-apparent-deer-via.trycloudflare.com/themes/core.js:9
[   64744ms] [WARNING] JQMIGRATE: jQuery.expr[':'] is deprecated; use jQuery.expr.pseudos @ https://try-apparent-deer-via.trycloudflare.com/themes/core.js:9
[   64751ms] [WARNING] JQMIGRATE: jQuery.fn.mouseup() event shorthand is deprecated @ https://try-apparent-deer-via.trycloudflare.com/themes/core.js:9
[   64753ms] [WARNING] JQMIGRATE: jQuery.fn.delegate() is deprecated @ https://try-apparent-deer-via.trycloudflare.com/themes/core.js:9
[   64761ms] [WARNING] JQMIGRATE: 'ready' event is deprecated @ https://try-apparent-deer-via.trycloudflare.com/themes/core.js:9
[   64777ms] TypeError: Cannot read properties of undefined (reading 'autocomplete')
    at HTMLDocument.<anonymous> (https://try-apparent-deer-via.trycloudflare.com/modules/ps_searchbar/ps_searchbar.js:8:59)
    at j (https://try-apparent-deer-via.trycloudflare.com/modules/payco/views/js/jquery-1.11.0.min.js:30:27136)
    at Object.fireWith [as resolveWith] (https://try-apparent-deer-via.trycloudflare.com/modules/payco/views/js/jquery-1.11.0.min.js:30:27949)
    at n.ready (https://try-apparent-deer-via.trycloudflare.com/modules/payco/views/js/jquery-1.11.0.min.js:30:29783)
    at HTMLDocument.K (https://try-apparent-deer-via.trycloudflare.com/modules/payco/views/js/jquery-1.11.0.min.js:30:30128)
[   64780ms] [WARNING] JQMIGRATE: jQuery.fn.submit() event shorthand is deprecated @ https://try-apparent-deer-via.trycloudflare.com/themes/core.js:9
[   76297ms] [WARNING] JQMIGRATE: jQuery.expr[':'] is deprecated; use jQuery.expr.pseudos @ https://try-apparent-deer-via.trycloudflare.com/themes/core.js:9
[   76304ms] [WARNING] JQMIGRATE: jQuery.fn.mouseup() event shorthand is deprecated @ https://try-apparent-deer-via.trycloudflare.com/themes/core.js:9
[   76306ms] [WARNING] JQMIGRATE: jQuery.fn.delegate() is deprecated @ https://try-apparent-deer-via.trycloudflare.com/themes/core.js:9
[   76323ms] [WARNING] JQMIGRATE: 'ready' event is deprecated @ https://try-apparent-deer-via.trycloudflare.com/themes/core.js:9
[   76356ms] TypeError: Cannot read properties of undefined (reading 'autocomplete')
    at HTMLDocument.<anonymous> (https://try-apparent-deer-via.trycloudflare.com/modules/ps_searchbar/ps_searchbar.js:8:59)
    at j (https://try-apparent-deer-via.trycloudflare.com/modules/payco/views/js/jquery-1.11.0.min.js:30:27136)
    at Object.fireWith [as resolveWith] (https://try-apparent-deer-via.trycloudflare.com/modules/payco/views/js/jquery-1.11.0.min.js:30:27949)
    at n.ready (https://try-apparent-deer-via.trycloudflare.com/modules/payco/views/js/jquery-1.11.0.min.js:30:29783)
    at HTMLDocument.K (https://try-apparent-deer-via.trycloudflare.com/modules/payco/views/js/jquery-1.11.0.min.js:30:30128)
[   76354ms] [WARNING] JQMIGRATE: jQuery.fn.submit() event shorthand is deprecated @ https://try-apparent-deer-via.trycloudflare.com/themes/core.js:9
[   90791ms] [WARNING] JQMIGRATE: jQuery.expr[':'] is deprecated; use jQuery.expr.pseudos @ https://try-apparent-deer-via.trycloudflare.com/themes/core.js:9
[   90795ms] [WARNING] JQMIGRATE: jQuery.fn.mouseup() event shorthand is deprecated @ https://try-apparent-deer-via.trycloudflare.com/themes/core.js:9
[   90798ms] [WARNING] JQMIGRATE: jQuery.fn.delegate() is deprecated @ https://try-apparent-deer-via.trycloudflare.com/themes/core.js:9
[   90810ms] [WARNING] JQMIGRATE: 'ready' event is deprecated @ https://try-apparent-deer-via.trycloudflare.com/themes/core.js:9
[   90914ms] TypeError: Cannot read properties of undefined (reading 'autocomplete')
    at HTMLDocument.<anonymous> (https://try-apparent-deer-via.trycloudflare.com/modules/ps_searchbar/ps_searchbar.js:8:59)
    at j (https://try-apparent-deer-via.trycloudflare.com/modules/payco/views/js/jquery-1.11.0.min.js:30:27136)
    at Object.fireWith [as resolveWith] (https://try-apparent-deer-via.trycloudflare.com/modules/payco/views/js/jquery-1.11.0.min.js:30:27949)
    at n.ready (https://try-apparent-deer-via.trycloudflare.com/modules/payco/views/js/jquery-1.11.0.min.js:30:29783)
    at HTMLDocument.K (https://try-apparent-deer-via.trycloudflare.com/modules/payco/views/js/jquery-1.11.0.min.js:30:30128)
[   90934ms] [WARNING] JQMIGRATE: jQuery.fn.submit() event shorthand is deprecated @ https://try-apparent-deer-via.trycloudflare.com/themes/core.js:9
[  152971ms] TypeError: Cannot read properties of undefined (reading 'undefined')
    at HTMLDivElement.<anonymous> (https://try-apparent-deer-via.trycloudflare.com/modules/payco/views/js/checkouts/ep-plugins-components.js:4511:57)
    at HTMLDivElement.<anonymous> (https://try-apparent-deer-via.trycloudflare.com/modules/payco/views/js/checkouts/ep-plugins-components.js:4646:34)
[  179724ms] [WARNING] JQMIGRATE: jQuery.expr[':'] is deprecated; use jQuery.expr.pseudos @ https://try-apparent-deer-via.trycloudflare.com/themes/core.js:9
[  179727ms] [WARNING] JQMIGRATE: jQuery.fn.mouseup() event shorthand is deprecated @ https://try-apparent-deer-via.trycloudflare.com/themes/core.js:9
[  179729ms] [WARNING] JQMIGRATE: jQuery.fn.delegate() is deprecated @ https://try-apparent-deer-via.trycloudflare.com/themes/core.js:9
[  179739ms] [WARNING] JQMIGRATE: 'ready' event is deprecated @ https://try-apparent-deer-via.trycloudflare.com/themes/core.js:9
[  179785ms] TypeError: Cannot read properties of undefined (reading 'autocomplete')
    at HTMLDocument.<anonymous> (https://try-apparent-deer-via.trycloudflare.com/modules/ps_searchbar/ps_searchbar.js:8:59)
    at j (https://try-apparent-deer-via.trycloudflare.com/modules/payco/views/js/jquery-1.11.0.min.js:30:27136)
    at Object.fireWith [as resolveWith] (https://try-apparent-deer-via.trycloudflare.com/modules/payco/views/js/jquery-1.11.0.min.js:30:27949)
    at n.ready (https://try-apparent-deer-via.trycloudflare.com/modules/payco/views/js/jquery-1.11.0.min.js:30:29783)
    at HTMLDocument.K (https://try-apparent-deer-via.trycloudflare.com/modules/payco/views/js/jquery-1.11.0.min.js:30:30128)
[  180052ms] [ERROR] Failed to load resource: the server responded with a status of 404 () @ https://try-apparent-deer-via.trycloudflare.com/22-home_default/customizable-mug.jpg:0
