[     672ms] [WARNING] JQMIGRATE: jQuery.expr[':'] is deprecated; use jQuery.expr.pseudos @ https://try-apparent-deer-via.trycloudflare.com/themes/core.js:9
[     674ms] [WARNING] JQMIGRATE: jQuery.fn.mouseup() event shorthand is deprecated @ https://try-apparent-deer-via.trycloudflare.com/themes/core.js:9
[     677ms] [WARNING] JQMIGRATE: jQuery.fn.delegate() is deprecated @ https://try-apparent-deer-via.trycloudflare.com/themes/core.js:9
[     690ms] [WARNING] JQMIGRATE: 'ready' event is deprecated @ https://try-apparent-deer-via.trycloudflare.com/themes/core.js:9
[     787ms] TypeError: Cannot read properties of undefined (reading 'autocomplete')
    at HTMLDocument.<anonymous> (https://try-apparent-deer-via.trycloudflare.com/modules/ps_searchbar/ps_searchbar.js:8:59)
    at j (https://try-apparent-deer-via.trycloudflare.com/modules/payco/views/js/jquery-1.11.0.min.js:30:27136)
    at Object.fireWith [as resolveWith] (https://try-apparent-deer-via.trycloudflare.com/modules/payco/views/js/jquery-1.11.0.min.js:30:27949)
    at n.ready (https://try-apparent-deer-via.trycloudflare.com/modules/payco/views/js/jquery-1.11.0.min.js:30:29783)
    at HTMLDocument.K (https://try-apparent-deer-via.trycloudflare.com/modules/payco/views/js/jquery-1.11.0.min.js:30:30128)
[     804ms] [WARNING] jQuery.Deferred exception: $(...).rating is not a function TypeError: $(...).rating is not a function
    at initCommentModal (https://try-apparent-deer-via.trycloudflare.com/modules/productcomments/views/js/post-comment.js:78:51)
    at HTMLDocument.<anonymous> (https://try-apparent-deer-via.trycloudflare.com/modules/productcomments/views/js/post-comment.js:143:3)
    at u (https://try-apparent-deer-via.trycloudflare.com/themes/core.js:37:30297)
    at l (https://try-apparent-deer-via.trycloudflare.com/themes/core.js:37:30599) undefined @ https://try-apparent-deer-via.trycloudflare.com/themes/core.js:36
[     804ms] [WARNING] jQuery.Deferred exception: $(...).rating is not a function TypeError: $(...).rating is not a function
    at HTMLDocument.<anonymous> (https://try-apparent-deer-via.trycloudflare.com/modules/productcomments/views/js/list-comments.js:42:21)
    at u (https://try-apparent-deer-via.trycloudflare.com/themes/core.js:37:30297)
    at l (https://try-apparent-deer-via.trycloudflare.com/themes/core.js:37:30599) undefined @ https://try-apparent-deer-via.trycloudflare.com/themes/core.js:36
[     816ms] TypeError: $(...).rating is not a function
    at initCommentModal (https://try-apparent-deer-via.trycloudflare.com/modules/productcomments/views/js/post-comment.js:78:51)
    at HTMLDocument.<anonymous> (https://try-apparent-deer-via.trycloudflare.com/modules/productcomments/views/js/post-comment.js:143:3)
    at u (https://try-apparent-deer-via.trycloudflare.com/themes/core.js:37:30297)
    at l (https://try-apparent-deer-via.trycloudflare.com/themes/core.js:37:30599)
[     816ms] TypeError: $(...).rating is not a function
    at HTMLDocument.<anonymous> (https://try-apparent-deer-via.trycloudflare.com/modules/productcomments/views/js/list-comments.js:42:21)
    at u (https://try-apparent-deer-via.trycloudflare.com/themes/core.js:37:30297)
    at l (https://try-apparent-deer-via.trycloudflare.com/themes/core.js:37:30599)
[     916ms] [ERROR] Failed to load resource: the server responded with a status of 404 () @ https://try-apparent-deer-via.trycloudflare.com/22-large_default/customizable-mug.jpg:0
[     922ms] [ERROR] Failed to load resource: the server responded with a status of 404 () @ https://try-apparent-deer-via.trycloudflare.com/22-medium_default/customizable-mug.jpg:0
[    1009ms] [ERROR] Failed to load resource: the server responded with a status of 404 () @ https://try-apparent-deer-via.trycloudflare.com/22-home_default/customizable-mug.jpg:0
[    1164ms] [ERROR] Failed to load resource: the server responded with a status of 404 () @ https://try-apparent-deer-via.trycloudflare.com/8-home_default/mug-today-is-a-good-day.jpg:0
[    1266ms] [ERROR] Failed to load resource: the server responded with a status of 404 () @ https://try-apparent-deer-via.trycloudflare.com/22-small_default/customizable-mug.jpg:0
[    1312ms] [ERROR] Failed to load resource: the server responded with a status of 404 () @ https://try-apparent-deer-via.trycloudflare.com/9-home_default/mountain-fox-cushion.jpg:0
[    1319ms] [ERROR] Failed to load resource: the server responded with a status of 404 () @ https://try-apparent-deer-via.trycloudflare.com/11-home_default/brown-bear-cushion.jpg:0
[    1340ms] [ERROR] Failed to load resource: the server responded with a status of 404 () @ https://try-apparent-deer-via.trycloudflare.com/13-home_default/hummingbird-cushion.jpg:0
[    1386ms] [ERROR] Failed to load resource: the server responded with a status of 404 () @ https://try-apparent-deer-via.trycloudflare.com/7-home_default/mug-the-adventure-begins.jpg:0
[    1392ms] [ERROR] Failed to load resource: the server responded with a status of 404 () @ https://try-apparent-deer-via.trycloudflare.com/6-home_default/mug-the-best-is-yet-to-come.jpg:0
[    1396ms] [ERROR] Failed to load resource: the server responded with a status of 404 () @ https://try-apparent-deer-via.trycloudflare.com/23-home_default/pack-mug-framed-poster.jpg:0
[    8303ms] [WARNING] JQMIGRATE: jQuery.expr[':'] is deprecated; use jQuery.expr.pseudos @ https://try-apparent-deer-via.trycloudflare.com/themes/core.js:9
[    8305ms] [WARNING] JQMIGRATE: jQuery.fn.mouseup() event shorthand is deprecated @ https://try-apparent-deer-via.trycloudflare.com/themes/core.js:9
[    8308ms] [WARNING] JQMIGRATE: jQuery.fn.delegate() is deprecated @ https://try-apparent-deer-via.trycloudflare.com/themes/core.js:9
[    8321ms] [WARNING] JQMIGRATE: 'ready' event is deprecated @ https://try-apparent-deer-via.trycloudflare.com/themes/core.js:9
[    8362ms] TypeError: Cannot read properties of undefined (reading 'autocomplete')
    at HTMLDocument.<anonymous> (https://try-apparent-deer-via.trycloudflare.com/modules/ps_searchbar/ps_searchbar.js:8:59)
    at j (https://try-apparent-deer-via.trycloudflare.com/modules/payco/views/js/jquery-1.11.0.min.js:30:27136)
    at Object.fireWith [as resolveWith] (https://try-apparent-deer-via.trycloudflare.com/modules/payco/views/js/jquery-1.11.0.min.js:30:27949)
    at n.ready (https://try-apparent-deer-via.trycloudflare.com/modules/payco/views/js/jquery-1.11.0.min.js:30:29783)
    at HTMLDocument.K (https://try-apparent-deer-via.trycloudflare.com/modules/payco/views/js/jquery-1.11.0.min.js:30:30128)
[    8373ms] [WARNING] jQuery.Deferred exception: $(...).rating is not a function TypeError: $(...).rating is not a function
    at initCommentModal (https://try-apparent-deer-via.trycloudflare.com/modules/productcomments/views/js/post-comment.js:78:51)
    at HTMLDocument.<anonymous> (https://try-apparent-deer-via.trycloudflare.com/modules/productcomments/views/js/post-comment.js:143:3)
    at u (https://try-apparent-deer-via.trycloudflare.com/themes/core.js:37:30297)
    at l (https://try-apparent-deer-via.trycloudflare.com/themes/core.js:37:30599) undefined @ https://try-apparent-deer-via.trycloudflare.com/themes/core.js:36
[    8374ms] [WARNING] jQuery.Deferred exception: $(...).rating is not a function TypeError: $(...).rating is not a function
    at HTMLDocument.<anonymous> (https://try-apparent-deer-via.trycloudflare.com/modules/productcomments/views/js/list-comments.js:42:21)
    at u (https://try-apparent-deer-via.trycloudflare.com/themes/core.js:37:30297)
    at l (https://try-apparent-deer-via.trycloudflare.com/themes/core.js:37:30599) undefined @ https://try-apparent-deer-via.trycloudflare.com/themes/core.js:36
[    8406ms] TypeError: $(...).rating is not a function
    at initCommentModal (https://try-apparent-deer-via.trycloudflare.com/modules/productcomments/views/js/post-comment.js:78:51)
    at HTMLDocument.<anonymous> (https://try-apparent-deer-via.trycloudflare.com/modules/productcomments/views/js/post-comment.js:143:3)
    at u (https://try-apparent-deer-via.trycloudflare.com/themes/core.js:37:30297)
    at l (https://try-apparent-deer-via.trycloudflare.com/themes/core.js:37:30599)
[    8407ms] TypeError: $(...).rating is not a function
    at HTMLDocument.<anonymous> (https://try-apparent-deer-via.trycloudflare.com/modules/productcomments/views/js/list-comments.js:42:21)
    at u (https://try-apparent-deer-via.trycloudflare.com/themes/core.js:37:30297)
    at l (https://try-apparent-deer-via.trycloudflare.com/themes/core.js:37:30599)
[    8531ms] [ERROR] Failed to load resource: the server responded with a status of 404 () @ https://try-apparent-deer-via.trycloudflare.com/22-medium_default/customizable-mug.jpg:0
[    8554ms] [ERROR] Failed to load resource: the server responded with a status of 404 () @ https://try-apparent-deer-via.trycloudflare.com/22-large_default/customizable-mug.jpg:0
[    8566ms] [ERROR] Failed to load resource: the server responded with a status of 404 () @ https://try-apparent-deer-via.trycloudflare.com/22-home_default/customizable-mug.jpg:0
[    8606ms] [ERROR] Failed to load resource: the server responded with a status of 404 () @ https://try-apparent-deer-via.trycloudflare.com/22-small_default/customizable-mug.jpg:0
[    8700ms] [ERROR] Failed to load resource: the server responded with a status of 404 () @ https://try-apparent-deer-via.trycloudflare.com/11-home_default/brown-bear-cushion.jpg:0
[    8716ms] [ERROR] Failed to load resource: the server responded with a status of 404 () @ https://try-apparent-deer-via.trycloudflare.com/8-home_default/mug-today-is-a-good-day.jpg:0
[    8744ms] [ERROR] Failed to load resource: the server responded with a status of 404 () @ https://try-apparent-deer-via.trycloudflare.com/9-home_default/mountain-fox-cushion.jpg:0
[    8793ms] [ERROR] Failed to load resource: the server responded with a status of 404 () @ https://try-apparent-deer-via.trycloudflare.com/7-home_default/mug-the-adventure-begins.jpg:0
[    8819ms] [ERROR] Failed to load resource: the server responded with a status of 404 () @ https://try-apparent-deer-via.trycloudflare.com/6-home_default/mug-the-best-is-yet-to-come.jpg:0
[    8835ms] [ERROR] Failed to load resource: the server responded with a status of 404 () @ https://try-apparent-deer-via.trycloudflare.com/13-home_default/hummingbird-cushion.jpg:0
[    8850ms] [ERROR] Failed to load resource: the server responded with a status of 404 () @ https://try-apparent-deer-via.trycloudflare.com/23-home_default/pack-mug-framed-poster.jpg:0
[   13949ms] [ERROR] Failed to load resource: the server responded with a status of 404 () @ https://try-apparent-deer-via.trycloudflare.com/22-home_default/customizable-mug.jpg:0
[   19882ms] [WARNING] JQMIGRATE: jQuery.expr[':'] is deprecated; use jQuery.expr.pseudos @ https://try-apparent-deer-via.trycloudflare.com/themes/core.js:9
[   19888ms] [WARNING] JQMIGRATE: jQuery.fn.mouseup() event shorthand is deprecated @ https://try-apparent-deer-via.trycloudflare.com/themes/core.js:9
[   19890ms] [WARNING] JQMIGRATE: jQuery.fn.delegate() is deprecated @ https://try-apparent-deer-via.trycloudflare.com/themes/core.js:9
[   19900ms] [WARNING] JQMIGRATE: 'ready' event is deprecated @ https://try-apparent-deer-via.trycloudflare.com/themes/core.js:9
[   19925ms] TypeError: Cannot read properties of undefined (reading 'autocomplete')
    at HTMLDocument.<anonymous> (https://try-apparent-deer-via.trycloudflare.com/modules/ps_searchbar/ps_searchbar.js:8:59)
    at j (https://try-apparent-deer-via.trycloudflare.com/modules/payco/views/js/jquery-1.11.0.min.js:30:27136)
    at Object.fireWith [as resolveWith] (https://try-apparent-deer-via.trycloudflare.com/modules/payco/views/js/jquery-1.11.0.min.js:30:27949)
    at n.ready (https://try-apparent-deer-via.trycloudflare.com/modules/payco/views/js/jquery-1.11.0.min.js:30:29783)
    at HTMLDocument.K (https://try-apparent-deer-via.trycloudflare.com/modules/payco/views/js/jquery-1.11.0.min.js:30:30128)
[   20256ms] [ERROR] Failed to load resource: the server responded with a status of 404 () @ https://try-apparent-deer-via.trycloudflare.com/22-cart_default/customizable-mug.jpg:0
[   21449ms] [WARNING] JQMIGRATE: jQuery.expr[':'] is deprecated; use jQuery.expr.pseudos @ https://try-apparent-deer-via.trycloudflare.com/themes/core.js:9
[   21460ms] [WARNING] JQMIGRATE: jQuery.fn.mouseup() event shorthand is deprecated @ https://try-apparent-deer-via.trycloudflare.com/themes/core.js:9
[   21463ms] [WARNING] JQMIGRATE: jQuery.fn.delegate() is deprecated @ https://try-apparent-deer-via.trycloudflare.com/themes/core.js:9
[   21472ms] [WARNING] JQMIGRATE: 'ready' event is deprecated @ https://try-apparent-deer-via.trycloudflare.com/themes/core.js:9
[   21488ms] TypeError: Cannot read properties of undefined (reading 'autocomplete')
    at HTMLDocument.<anonymous> (https://try-apparent-deer-via.trycloudflare.com/modules/ps_searchbar/ps_searchbar.js:8:59)
    at j (https://try-apparent-deer-via.trycloudflare.com/modules/payco/views/js/jquery-1.11.0.min.js:30:27136)
    at Object.fireWith [as resolveWith] (https://try-apparent-deer-via.trycloudflare.com/modules/payco/views/js/jquery-1.11.0.min.js:30:27949)
    at n.ready (https://try-apparent-deer-via.trycloudflare.com/modules/payco/views/js/jquery-1.11.0.min.js:30:29783)
    at HTMLDocument.K (https://try-apparent-deer-via.trycloudflare.com/modules/payco/views/js/jquery-1.11.0.min.js:30:30128)
[   21492ms] [WARNING] JQMIGRATE: jQuery.fn.submit() event shorthand is deprecated @ https://try-apparent-deer-via.trycloudflare.com/themes/core.js:9
[   34551ms] [WARNING] JQMIGRATE: jQuery.expr[':'] is deprecated; use jQuery.expr.pseudos @ https://try-apparent-deer-via.trycloudflare.com/themes/core.js:9
[   34557ms] [WARNING] JQMIGRATE: jQuery.fn.mouseup() event shorthand is deprecated @ https://try-apparent-deer-via.trycloudflare.com/themes/core.js:9
[   34559ms] [WARNING] JQMIGRATE: jQuery.fn.delegate() is deprecated @ https://try-apparent-deer-via.trycloudflare.com/themes/core.js:9
[   34572ms] [WARNING] JQMIGRATE: 'ready' event is deprecated @ https://try-apparent-deer-via.trycloudflare.com/themes/core.js:9
[   34593ms] TypeError: Cannot read properties of undefined (reading 'autocomplete')
    at HTMLDocument.<anonymous> (https://try-apparent-deer-via.trycloudflare.com/modules/ps_searchbar/ps_searchbar.js:8:59)
    at j (https://try-apparent-deer-via.trycloudflare.com/modules/payco/views/js/jquery-1.11.0.min.js:30:27136)
    at Object.fireWith [as resolveWith] (https://try-apparent-deer-via.trycloudflare.com/modules/payco/views/js/jquery-1.11.0.min.js:30:27949)
    at n.ready (https://try-apparent-deer-via.trycloudflare.com/modules/payco/views/js/jquery-1.11.0.min.js:30:29783)
    at HTMLDocument.K (https://try-apparent-deer-via.trycloudflare.com/modules/payco/views/js/jquery-1.11.0.min.js:30:30128)
[   34598ms] [WARNING] JQMIGRATE: jQuery.fn.submit() event shorthand is deprecated @ https://try-apparent-deer-via.trycloudflare.com/themes/core.js:9
[   51877ms] [WARNING] JQMIGRATE: jQuery.expr[':'] is deprecated; use jQuery.expr.pseudos @ https://try-apparent-deer-via.trycloudflare.com/themes/core.js:9
[   51882ms] [WARNING] JQMIGRATE: jQuery.fn.mouseup() event shorthand is deprecated @ https://try-apparent-deer-via.trycloudflare.com/themes/core.js:9
[   51884ms] [WARNING] JQMIGRATE: jQuery.fn.delegate() is deprecated @ https://try-apparent-deer-via.trycloudflare.com/themes/core.js:9
[   51895ms] [WARNING] JQMIGRATE: 'ready' event is deprecated @ https://try-apparent-deer-via.trycloudflare.com/themes/core.js:9
[   51917ms] TypeError: Cannot read properties of undefined (reading 'autocomplete')
    at HTMLDocument.<anonymous> (https://try-apparent-deer-via.trycloudflare.com/modules/ps_searchbar/ps_searchbar.js:8:59)
    at j (https://try-apparent-deer-via.trycloudflare.com/modules/payco/views/js/jquery-1.11.0.min.js:30:27136)
    at Object.fireWith [as resolveWith] (https://try-apparent-deer-via.trycloudflare.com/modules/payco/views/js/jquery-1.11.0.min.js:30:27949)
    at n.ready (https://try-apparent-deer-via.trycloudflare.com/modules/payco/views/js/jquery-1.11.0.min.js:30:29783)
    at HTMLDocument.K (https://try-apparent-deer-via.trycloudflare.com/modules/payco/views/js/jquery-1.11.0.min.js:30:30128)
[   51919ms] [WARNING] JQMIGRATE: jQuery.fn.submit() event shorthand is deprecated @ https://try-apparent-deer-via.trycloudflare.com/themes/core.js:9
[   66820ms] [WARNING] JQMIGRATE: jQuery.expr[':'] is deprecated; use jQuery.expr.pseudos @ https://try-apparent-deer-via.trycloudflare.com/themes/core.js:9
[   66823ms] [WARNING] JQMIGRATE: jQuery.fn.mouseup() event shorthand is deprecated @ https://try-apparent-deer-via.trycloudflare.com/themes/core.js:9
[   66825ms] [WARNING] JQMIGRATE: jQuery.fn.delegate() is deprecated @ https://try-apparent-deer-via.trycloudflare.com/themes/core.js:9
[   66831ms] [WARNING] JQMIGRATE: 'ready' event is deprecated @ https://try-apparent-deer-via.trycloudflare.com/themes/core.js:9
[   66866ms] TypeError: Cannot read properties of undefined (reading 'autocomplete')
    at HTMLDocument.<anonymous> (https://try-apparent-deer-via.trycloudflare.com/modules/ps_searchbar/ps_searchbar.js:8:59)
    at j (https://try-apparent-deer-via.trycloudflare.com/modules/payco/views/js/jquery-1.11.0.min.js:30:27136)
    at Object.fireWith [as resolveWith] (https://try-apparent-deer-via.trycloudflare.com/modules/payco/views/js/jquery-1.11.0.min.js:30:27949)
    at n.ready (https://try-apparent-deer-via.trycloudflare.com/modules/payco/views/js/jquery-1.11.0.min.js:30:29783)
    at HTMLDocument.K (https://try-apparent-deer-via.trycloudflare.com/modules/payco/views/js/jquery-1.11.0.min.js:30:30128)
[   66875ms] [WARNING] JQMIGRATE: jQuery.fn.submit() event shorthand is deprecated @ https://try-apparent-deer-via.trycloudflare.com/themes/core.js:9
