[     748ms] [WARNING] JQMIGRATE: jQuery.expr[':'] is deprecated; use jQuery.expr.pseudos @ https://theories-jefferson-apps-pushing.trycloudflare.com/themes/core.js:9
[     756ms] [WARNING] JQMIGRATE: jQuery.fn.mouseup() event shorthand is deprecated @ https://theories-jefferson-apps-pushing.trycloudflare.com/themes/core.js:9
[     761ms] [WARNING] JQMIGRATE: jQuery.fn.delegate() is deprecated @ https://theories-jefferson-apps-pushing.trycloudflare.com/themes/core.js:9
[     781ms] [WARNING] JQMIGRATE: 'ready' event is deprecated @ https://theories-jefferson-apps-pushing.trycloudflare.com/themes/core.js:9
[     898ms] TypeError: Cannot read properties of undefined (reading 'autocomplete')
    at HTMLDocument.<anonymous> (https://theories-jefferson-apps-pushing.trycloudflare.com/modules/ps_searchbar/ps_searchbar.js:8:59)
    at j (https://theories-jefferson-apps-pushing.trycloudflare.com/modules/payco/views/js/jquery-1.11.0.min.js:30:27136)
    at Object.fireWith [as resolveWith] (https://theories-jefferson-apps-pushing.trycloudflare.com/modules/payco/views/js/jquery-1.11.0.min.js:30:27949)
    at n.ready (https://theories-jefferson-apps-pushing.trycloudflare.com/modules/payco/views/js/jquery-1.11.0.min.js:30:29783)
    at HTMLDocument.K (https://theories-jefferson-apps-pushing.trycloudflare.com/modules/payco/views/js/jquery-1.11.0.min.js:30:30128)
[   26380ms] [WARNING] JQMIGRATE: jQuery.expr[':'] is deprecated; use jQuery.expr.pseudos @ https://theories-jefferson-apps-pushing.trycloudflare.com/themes/core.js:9
[   26383ms] [WARNING] JQMIGRATE: jQuery.fn.mouseup() event shorthand is deprecated @ https://theories-jefferson-apps-pushing.trycloudflare.com/themes/core.js:9
[   26388ms] [WARNING] JQMIGRATE: jQuery.fn.delegate() is deprecated @ https://theories-jefferson-apps-pushing.trycloudflare.com/themes/core.js:9
[   26416ms] [WARNING] JQMIGRATE: 'ready' event is deprecated @ https://theories-jefferson-apps-pushing.trycloudflare.com/themes/core.js:9
[   26480ms] TypeError: Cannot read properties of undefined (reading 'autocomplete')
    at HTMLDocument.<anonymous> (https://theories-jefferson-apps-pushing.trycloudflare.com/modules/ps_searchbar/ps_searchbar.js:8:59)
    at j (https://theories-jefferson-apps-pushing.trycloudflare.com/modules/payco/views/js/jquery-1.11.0.min.js:30:27136)
    at Object.fireWith [as resolveWith] (https://theories-jefferson-apps-pushing.trycloudflare.com/modules/payco/views/js/jquery-1.11.0.min.js:30:27949)
    at n.ready (https://theories-jefferson-apps-pushing.trycloudflare.com/modules/payco/views/js/jquery-1.11.0.min.js:30:29783)
    at HTMLDocument.K (https://theories-jefferson-apps-pushing.trycloudflare.com/modules/payco/views/js/jquery-1.11.0.min.js:30:30128)
[   69181ms] [WARNING] JQMIGRATE: jQuery.expr[':'] is deprecated; use jQuery.expr.pseudos @ https://theories-jefferson-apps-pushing.trycloudflare.com/themes/core.js:9
[   69185ms] [WARNING] JQMIGRATE: jQuery.fn.mouseup() event shorthand is deprecated @ https://theories-jefferson-apps-pushing.trycloudflare.com/themes/core.js:9
[   69191ms] [WARNING] JQMIGRATE: jQuery.fn.delegate() is deprecated @ https://theories-jefferson-apps-pushing.trycloudflare.com/themes/core.js:9
[   69215ms] [WARNING] JQMIGRATE: 'ready' event is deprecated @ https://theories-jefferson-apps-pushing.trycloudflare.com/themes/core.js:9
[   69295ms] TypeError: Cannot read properties of undefined (reading 'autocomplete')
    at HTMLDocument.<anonymous> (https://theories-jefferson-apps-pushing.trycloudflare.com/modules/ps_searchbar/ps_searchbar.js:8:59)
    at j (https://theories-jefferson-apps-pushing.trycloudflare.com/modules/payco/views/js/jquery-1.11.0.min.js:30:27136)
    at Object.fireWith [as resolveWith] (https://theories-jefferson-apps-pushing.trycloudflare.com/modules/payco/views/js/jquery-1.11.0.min.js:30:27949)
    at n.ready (https://theories-jefferson-apps-pushing.trycloudflare.com/modules/payco/views/js/jquery-1.11.0.min.js:30:29783)
    at HTMLDocument.K (https://theories-jefferson-apps-pushing.trycloudflare.com/modules/payco/views/js/jquery-1.11.0.min.js:30:30128)
[  115127ms] [WARNING] JQMIGRATE: jQuery.expr[':'] is deprecated; use jQuery.expr.pseudos @ https://theories-jefferson-apps-pushing.trycloudflare.com/themes/core.js:9
[  115130ms] [WARNING] JQMIGRATE: jQuery.fn.mouseup() event shorthand is deprecated @ https://theories-jefferson-apps-pushing.trycloudflare.com/themes/core.js:9
[  115139ms] [WARNING] JQMIGRATE: jQuery.fn.delegate() is deprecated @ https://theories-jefferson-apps-pushing.trycloudflare.com/themes/core.js:9
[  115156ms] [WARNING] JQMIGRATE: 'ready' event is deprecated @ https://theories-jefferson-apps-pushing.trycloudflare.com/themes/core.js:9
[  115211ms] TypeError: Cannot read properties of undefined (reading 'autocomplete')
    at HTMLDocument.<anonymous> (https://theories-jefferson-apps-pushing.trycloudflare.com/modules/ps_searchbar/ps_searchbar.js:8:59)
    at j (https://theories-jefferson-apps-pushing.trycloudflare.com/modules/payco/views/js/jquery-1.11.0.min.js:30:27136)
    at Object.fireWith [as resolveWith] (https://theories-jefferson-apps-pushing.trycloudflare.com/modules/payco/views/js/jquery-1.11.0.min.js:30:27949)
    at n.ready (https://theories-jefferson-apps-pushing.trycloudflare.com/modules/payco/views/js/jquery-1.11.0.min.js:30:29783)
    at HTMLDocument.K (https://theories-jefferson-apps-pushing.trycloudflare.com/modules/payco/views/js/jquery-1.11.0.min.js:30:30128)
