[    1858ms] [WARNING] JQMIGRATE: 'ready' event is deprecated @ https://theories-jefferson-apps-pushing.trycloudflare.com/admin669tjuwwmfzwcepmdzl/themes/new-theme/public/main.bundle.js:603
[    2347ms] [WARNING] JQMIGRATE: jQuery.fn.click() event shorthand is deprecated @ https://theories-jefferson-apps-pushing.trycloudflare.com/admin669tjuwwmfzwcepmdzl/themes/new-theme/public/main.bundle.js:603
[    2354ms] [WARNING] JQMIGRATE: jQuery.fn.hover() is deprecated @ https://theories-jefferson-apps-pushing.trycloudflare.com/admin669tjuwwmfzwcepmdzl/themes/new-theme/public/main.bundle.js:603
[    2383ms] [WARNING] JQMIGRATE: jQuery.fn.bind() is deprecated @ https://theories-jefferson-apps-pushing.trycloudflare.com/admin669tjuwwmfzwcepmdzl/themes/new-theme/public/main.bundle.js:603
[    2387ms] [WARNING] JQMIGRATE: jQuery.fn.submit() event shorthand is deprecated @ https://theories-jefferson-apps-pushing.trycloudflare.com/admin669tjuwwmfzwcepmdzl/themes/new-theme/public/main.bundle.js:603
[    2393ms] [WARNING] JQMIGRATE: jQuery.fn.change() event shorthand is deprecated @ https://theories-jefferson-apps-pushing.trycloudflare.com/admin669tjuwwmfzwcepmdzl/themes/new-theme/public/main.bundle.js:603
[    2401ms] [WARNING] JQMIGRATE: jQuery.fn.mousedown() event shorthand is deprecated @ https://theories-jefferson-apps-pushing.trycloudflare.com/admin669tjuwwmfzwcepmdzl/themes/new-theme/public/main.bundle.js:603
[    2402ms] [WARNING] JQMIGRATE: jQuery.fn.mouseup() event shorthand is deprecated @ https://theories-jefferson-apps-pushing.trycloudflare.com/admin669tjuwwmfzwcepmdzl/themes/new-theme/public/main.bundle.js:603
[   14161ms] [WARNING] JQMIGRATE: jQuery.fn.mousemove() event shorthand is deprecated @ https://theories-jefferson-apps-pushing.trycloudflare.com/admin669tjuwwmfzwcepmdzl/themes/new-theme/public/main.bundle.js:603
[   14164ms] [WARNING] JQMIGRATE: jQuery.fn.unbind() is deprecated @ https://theories-jefferson-apps-pushing.trycloudflare.com/admin669tjuwwmfzwcepmdzl/themes/new-theme/public/main.bundle.js:603
[   15292ms] [WARNING] JQMIGRATE: 'ready' event is deprecated @ https://theories-jefferson-apps-pushing.trycloudflare.com/admin669tjuwwmfzwcepmdzl/themes/new-theme/public/main.bundle.js:603
[   15707ms] [WARNING] JQMIGRATE: jQuery.isArray is deprecated; use Array.isArray @ https://theories-jefferson-apps-pushing.trycloudflare.com/admin669tjuwwmfzwcepmdzl/themes/new-theme/public/main.bundle.js:603
[   15741ms] [WARNING] JQMIGRATE: jQuery.fn.click() event shorthand is deprecated @ https://theories-jefferson-apps-pushing.trycloudflare.com/admin669tjuwwmfzwcepmdzl/themes/new-theme/public/main.bundle.js:603
[   15750ms] [WARNING] JQMIGRATE: jQuery.fn.hover() is deprecated @ https://theories-jefferson-apps-pushing.trycloudflare.com/admin669tjuwwmfzwcepmdzl/themes/new-theme/public/main.bundle.js:603
[   15778ms] [WARNING] JQMIGRATE: jQuery.fn.bind() is deprecated @ https://theories-jefferson-apps-pushing.trycloudflare.com/admin669tjuwwmfzwcepmdzl/themes/new-theme/public/main.bundle.js:603
[   15785ms] [WARNING] JQMIGRATE: jQuery.fn.submit() event shorthand is deprecated @ https://theories-jefferson-apps-pushing.trycloudflare.com/admin669tjuwwmfzwcepmdzl/themes/new-theme/public/main.bundle.js:603
[   15796ms] [WARNING] JQMIGRATE: jQuery.fn.unbind() is deprecated @ https://theories-jefferson-apps-pushing.trycloudflare.com/admin669tjuwwmfzwcepmdzl/themes/new-theme/public/main.bundle.js:603
[  308959ms] [WARNING] JQMIGRATE: 'ready' event is deprecated @ https://theories-jefferson-apps-pushing.trycloudflare.com/admin669tjuwwmfzwcepmdzl/themes/new-theme/public/main.bundle.js:603
[  309029ms] [WARNING] JQMIGRATE: jQuery.isArray is deprecated; use Array.isArray @ https://theories-jefferson-apps-pushing.trycloudflare.com/admin669tjuwwmfzwcepmdzl/themes/new-theme/public/main.bundle.js:603
[  309042ms] [WARNING] JQMIGRATE: jQuery.fn.click() event shorthand is deprecated @ https://theories-jefferson-apps-pushing.trycloudflare.com/admin669tjuwwmfzwcepmdzl/themes/new-theme/public/main.bundle.js:603
[  309044ms] [WARNING] JQMIGRATE: jQuery.fn.hover() is deprecated @ https://theories-jefferson-apps-pushing.trycloudflare.com/admin669tjuwwmfzwcepmdzl/themes/new-theme/public/main.bundle.js:603
[  309052ms] [WARNING] JQMIGRATE: jQuery.fn.bind() is deprecated @ https://theories-jefferson-apps-pushing.trycloudflare.com/admin669tjuwwmfzwcepmdzl/themes/new-theme/public/main.bundle.js:603
[  309053ms] [WARNING] JQMIGRATE: jQuery.fn.submit() event shorthand is deprecated @ https://theories-jefferson-apps-pushing.trycloudflare.com/admin669tjuwwmfzwcepmdzl/themes/new-theme/public/main.bundle.js:603
[  309058ms] [WARNING] JQMIGRATE: jQuery.fn.unbind() is deprecated @ https://theories-jefferson-apps-pushing.trycloudflare.com/admin669tjuwwmfzwcepmdzl/themes/new-theme/public/main.bundle.js:603
