[     686ms] [WARNING] JQMIGRATE: jQuery.expr[':'] is deprecated; use jQuery.expr.pseudos @ https://theories-jefferson-apps-pushing.trycloudflare.com/themes/core.js:9
[     688ms] [WARNING] JQMIGRATE: jQuery.fn.mouseup() event shorthand is deprecated @ https://theories-jefferson-apps-pushing.trycloudflare.com/themes/core.js:9
[     698ms] [WARNING] JQMIGRATE: jQuery.fn.delegate() is deprecated @ https://theories-jefferson-apps-pushing.trycloudflare.com/themes/core.js:9
[     714ms] [WARNING] JQMIGRATE: 'ready' event is deprecated @ https://theories-jefferson-apps-pushing.trycloudflare.com/themes/core.js:9
[     739ms] TypeError: Cannot read properties of undefined (reading 'autocomplete')
    at HTMLDocument.<anonymous> (https://theories-jefferson-apps-pushing.trycloudflare.com/modules/ps_searchbar/ps_searchbar.js:8:59)
    at j (https://theories-jefferson-apps-pushing.trycloudflare.com/modules/payco/views/js/jquery-1.11.0.min.js:30:27136)
    at Object.fireWith [as resolveWith] (https://theories-jefferson-apps-pushing.trycloudflare.com/modules/payco/views/js/jquery-1.11.0.min.js:30:27949)
    at n.ready (https://theories-jefferson-apps-pushing.trycloudflare.com/modules/payco/views/js/jquery-1.11.0.min.js:30:29783)
    at HTMLDocument.K (https://theories-jefferson-apps-pushing.trycloudflare.com/modules/payco/views/js/jquery-1.11.0.min.js:30:30128)
[     745ms] [WARNING] JQMIGRATE: jQuery.fn.submit() event shorthand is deprecated @ https://theories-jefferson-apps-pushing.trycloudflare.com/themes/core.js:9
[  124055ms] [WARNING] JQMIGRATE: jQuery.expr[':'] is deprecated; use jQuery.expr.pseudos @ https://theories-jefferson-apps-pushing.trycloudflare.com/themes/core.js:9
[  124057ms] [WARNING] JQMIGRATE: jQuery.fn.mouseup() event shorthand is deprecated @ https://theories-jefferson-apps-pushing.trycloudflare.com/themes/core.js:9
[  124064ms] [WARNING] JQMIGRATE: jQuery.fn.delegate() is deprecated @ https://theories-jefferson-apps-pushing.trycloudflare.com/themes/core.js:9
[  124083ms] [WARNING] JQMIGRATE: 'ready' event is deprecated @ https://theories-jefferson-apps-pushing.trycloudflare.com/themes/core.js:9
[  124129ms] TypeError: Cannot read properties of undefined (reading 'autocomplete')
    at HTMLDocument.<anonymous> (https://theories-jefferson-apps-pushing.trycloudflare.com/modules/ps_searchbar/ps_searchbar.js:8:59)
    at j (https://theories-jefferson-apps-pushing.trycloudflare.com/modules/payco/views/js/jquery-1.11.0.min.js:30:27136)
    at Object.fireWith [as resolveWith] (https://theories-jefferson-apps-pushing.trycloudflare.com/modules/payco/views/js/jquery-1.11.0.min.js:30:27949)
    at n.ready (https://theories-jefferson-apps-pushing.trycloudflare.com/modules/payco/views/js/jquery-1.11.0.min.js:30:29783)
    at HTMLDocument.K (https://theories-jefferson-apps-pushing.trycloudflare.com/modules/payco/views/js/jquery-1.11.0.min.js:30:30128)
[  124137ms] [WARNING] JQMIGRATE: jQuery.fn.submit() event shorthand is deprecated @ https://theories-jefferson-apps-pushing.trycloudflare.com/themes/core.js:9
[  126362ms] [WARNING] JQMIGRATE: jQuery.expr[':'] is deprecated; use jQuery.expr.pseudos @ https://theories-jefferson-apps-pushing.trycloudflare.com/themes/core.js:9
[  126364ms] [WARNING] JQMIGRATE: jQuery.fn.mouseup() event shorthand is deprecated @ https://theories-jefferson-apps-pushing.trycloudflare.com/themes/core.js:9
[  126367ms] [WARNING] JQMIGRATE: jQuery.fn.delegate() is deprecated @ https://theories-jefferson-apps-pushing.trycloudflare.com/themes/core.js:9
[  126375ms] [WARNING] JQMIGRATE: 'ready' event is deprecated @ https://theories-jefferson-apps-pushing.trycloudflare.com/themes/core.js:9
[  126403ms] TypeError: Cannot read properties of undefined (reading 'autocomplete')
    at HTMLDocument.<anonymous> (https://theories-jefferson-apps-pushing.trycloudflare.com/modules/ps_searchbar/ps_searchbar.js:8:59)
    at j (https://theories-jefferson-apps-pushing.trycloudflare.com/modules/payco/views/js/jquery-1.11.0.min.js:30:27136)
    at Object.fireWith [as resolveWith] (https://theories-jefferson-apps-pushing.trycloudflare.com/modules/payco/views/js/jquery-1.11.0.min.js:30:27949)
    at n.ready (https://theories-jefferson-apps-pushing.trycloudflare.com/modules/payco/views/js/jquery-1.11.0.min.js:30:29783)
    at HTMLDocument.K (https://theories-jefferson-apps-pushing.trycloudflare.com/modules/payco/views/js/jquery-1.11.0.min.js:30:30128)
[  126408ms] [WARNING] JQMIGRATE: jQuery.fn.submit() event shorthand is deprecated @ https://theories-jefferson-apps-pushing.trycloudflare.com/themes/core.js:9
[  128952ms] [WARNING] JQMIGRATE: jQuery.expr[':'] is deprecated; use jQuery.expr.pseudos @ https://theories-jefferson-apps-pushing.trycloudflare.com/themes/core.js:9
[  128954ms] [WARNING] JQMIGRATE: jQuery.fn.mouseup() event shorthand is deprecated @ https://theories-jefferson-apps-pushing.trycloudflare.com/themes/core.js:9
[  128960ms] [WARNING] JQMIGRATE: jQuery.fn.delegate() is deprecated @ https://theories-jefferson-apps-pushing.trycloudflare.com/themes/core.js:9
[  128972ms] [WARNING] JQMIGRATE: 'ready' event is deprecated @ https://theories-jefferson-apps-pushing.trycloudflare.com/themes/core.js:9
[  129051ms] TypeError: Cannot read properties of undefined (reading 'autocomplete')
    at HTMLDocument.<anonymous> (https://theories-jefferson-apps-pushing.trycloudflare.com/modules/ps_searchbar/ps_searchbar.js:8:59)
    at j (https://theories-jefferson-apps-pushing.trycloudflare.com/modules/payco/views/js/jquery-1.11.0.min.js:30:27136)
    at Object.fireWith [as resolveWith] (https://theories-jefferson-apps-pushing.trycloudflare.com/modules/payco/views/js/jquery-1.11.0.min.js:30:27949)
    at n.ready (https://theories-jefferson-apps-pushing.trycloudflare.com/modules/payco/views/js/jquery-1.11.0.min.js:30:29783)
    at HTMLDocument.K (https://theories-jefferson-apps-pushing.trycloudflare.com/modules/payco/views/js/jquery-1.11.0.min.js:30:30128)
[  129060ms] [WARNING] JQMIGRATE: jQuery.fn.submit() event shorthand is deprecated @ https://theories-jefferson-apps-pushing.trycloudflare.com/themes/core.js:9
