[     993ms] [WARNING] JQMIGRATE: jQuery.expr[':'] is deprecated; use jQuery.expr.pseudos @ https://theories-jefferson-apps-pushing.trycloudflare.com/themes/core.js:9
[     996ms] [WARNING] JQMIGRATE: jQuery.fn.mouseup() event shorthand is deprecated @ https://theories-jefferson-apps-pushing.trycloudflare.com/themes/core.js:9
[    1004ms] [WARNING] JQMIGRATE: jQuery.fn.delegate() is deprecated @ https://theories-jefferson-apps-pushing.trycloudflare.com/themes/core.js:9
[    1028ms] [WARNING] JQMIGRATE: 'ready' event is deprecated @ https://theories-jefferson-apps-pushing.trycloudflare.com/themes/core.js:9
[    1091ms] TypeError: Cannot read properties of undefined (reading 'autocomplete')
    at HTMLDocument.<anonymous> (https://theories-jefferson-apps-pushing.trycloudflare.com/modules/ps_searchbar/ps_searchbar.js:8:59)
    at j (https://theories-jefferson-apps-pushing.trycloudflare.com/modules/payco/views/js/jquery-1.11.0.min.js:30:27136)
    at Object.fireWith [as resolveWith] (https://theories-jefferson-apps-pushing.trycloudflare.com/modules/payco/views/js/jquery-1.11.0.min.js:30:27949)
    at n.ready (https://theories-jefferson-apps-pushing.trycloudflare.com/modules/payco/views/js/jquery-1.11.0.min.js:30:29783)
    at HTMLDocument.K (https://theories-jefferson-apps-pushing.trycloudflare.com/modules/payco/views/js/jquery-1.11.0.min.js:30:30128)
[    1878ms] [WARNING] JQMIGRATE: jQuery.expr[':'] is deprecated; use jQuery.expr.pseudos @ https://theories-jefferson-apps-pushing.trycloudflare.com/themes/core.js:9
[    1882ms] [WARNING] JQMIGRATE: jQuery.fn.mouseup() event shorthand is deprecated @ https://theories-jefferson-apps-pushing.trycloudflare.com/themes/core.js:9
[    1889ms] [WARNING] JQMIGRATE: jQuery.fn.delegate() is deprecated @ https://theories-jefferson-apps-pushing.trycloudflare.com/themes/core.js:9
[    1907ms] [WARNING] JQMIGRATE: 'ready' event is deprecated @ https://theories-jefferson-apps-pushing.trycloudflare.com/themes/core.js:9
[    1952ms] TypeError: Cannot read properties of undefined (reading 'autocomplete')
    at HTMLDocument.<anonymous> (https://theories-jefferson-apps-pushing.trycloudflare.com/modules/ps_searchbar/ps_searchbar.js:8:59)
    at j (https://theories-jefferson-apps-pushing.trycloudflare.com/modules/payco/views/js/jquery-1.11.0.min.js:30:27136)
    at Object.fireWith [as resolveWith] (https://theories-jefferson-apps-pushing.trycloudflare.com/modules/payco/views/js/jquery-1.11.0.min.js:30:27949)
    at n.ready (https://theories-jefferson-apps-pushing.trycloudflare.com/modules/payco/views/js/jquery-1.11.0.min.js:30:29783)
    at HTMLDocument.K (https://theories-jefferson-apps-pushing.trycloudflare.com/modules/payco/views/js/jquery-1.11.0.min.js:30:30128)
