[    3023ms] [INFO] Slow network is detected. See https://www.chromestatus.com/feature/5636954674692096 for more details. Fallback font will be used while loading: https://applied-walter-presidential-workshops.trycloudflare.com/admin757fzaeczoemdfwp0tx/themes/default/public/967e123ad65de8c5d5c4.woff2 @ https://applied-walter-presidential-workshops.trycloudflare.com/admin757fzaeczoemdfwp0tx/index.php?controller=AdminLogin&token=5513bf07fb02f25c28a28f763af94a39:0
[    3024ms] [INFO] Slow network is detected. See https://www.chromestatus.com/feature/5636954674692096 for more details. Fallback font will be used while loading: https://applied-walter-presidential-workshops.trycloudflare.com/admin757fzaeczoemdfwp0tx/themes/default/public/fb9fdde61d631c58d46c.woff2 @ https://applied-walter-presidential-workshops.trycloudflare.com/admin757fzaeczoemdfwp0tx/index.php?controller=AdminLogin&token=5513bf07fb02f25c28a28f763af94a39:0
[    3025ms] [INFO] Slow network is detected. See https://www.chromestatus.com/feature/5636954674692096 for more details. Fallback font will be used while loading: https://applied-walter-presidential-workshops.trycloudflare.com/admin757fzaeczoemdfwp0tx/themes/default/public/2d8017489da689caedc1.preload.woff2 @ https://applied-walter-presidential-workshops.trycloudflare.com/admin757fzaeczoemdfwp0tx/index.php?controller=AdminLogin&token=5513bf07fb02f25c28a28f763af94a39:0
[    3025ms] [INFO] Slow network is detected. See https://www.chromestatus.com/feature/5636954674692096 for more details. Fallback font will be used while loading: https://applied-walter-presidential-workshops.trycloudflare.com/admin757fzaeczoemdfwp0tx/themes/default/public/fb685a7c7e4aae2d4d71.woff2 @ https://applied-walter-presidential-workshops.trycloudflare.com/admin757fzaeczoemdfwp0tx/index.php?controller=AdminLogin&token=5513bf07fb02f25c28a28f763af94a39:0
[    3113ms] [VERBOSE] [DOM] Input elements should have autocomplete attributes (suggested: "current-password"): (More info: https://goo.gl/9p2vKq) %o @ https://applied-walter-presidential-workshops.trycloudflare.com/admin757fzaeczoemdfwp0tx/index.php?controller=AdminLogin&token=5513bf07fb02f25c28a28f763af94a39:0
[    4269ms] [WARNING] <meta name="apple-mobile-web-app-capable" content="yes"> is deprecated. Please include <meta name="mobile-web-app-capable" content="yes"> @ https://applied-walter-presidential-workshops.trycloudflare.com/admin757fzaeczoemdfwp0tx/index.php?controller=AdminLogin&token=5513bf07fb02f25c28a28f763af94a39:0
[   18791ms] [LOG] JQMIGRATE: Migrate is installed with logging active, version 3.1.0 @ https://applied-walter-presidential-workshops.trycloudflare.com/js/jquery/jquery-migrate-3.1.0.min.js:1
[   19769ms] [WARNING] JQMIGRATE: jQuery.expr[':'] is deprecated; use jQuery.expr.pseudos @ https://applied-walter-presidential-workshops.trycloudflare.com/js/jquery/jquery-migrate-3.1.0.min.js:1
[   19775ms] [WARNING] JQMIGRATE: jQuery.fn.mouseup() event shorthand is deprecated @ https://applied-walter-presidential-workshops.trycloudflare.com/js/jquery/jquery-migrate-3.1.0.min.js:1
[   19788ms] [WARNING] JQMIGRATE: jQuery.fn.delegate() is deprecated @ https://applied-walter-presidential-workshops.trycloudflare.com/js/jquery/jquery-migrate-3.1.0.min.js:1
[   21869ms] [WARNING] JQMIGRATE: 'ready' event is deprecated @ https://applied-walter-presidential-workshops.trycloudflare.com/js/jquery/jquery-migrate-3.1.0.min.js:1
[   21919ms] [INFO] Slow network is detected. See https://www.chromestatus.com/feature/5636954674692096 for more details. Fallback font will be used while loading: https://applied-walter-presidential-workshops.trycloudflare.com/admin757fzaeczoemdfwp0tx/themes/default/public/c2d26fca552c9a4d3689.woff2 @ https://applied-walter-presidential-workshops.trycloudflare.com/admin757fzaeczoemdfwp0tx/index.php?controller=AdminDashboard&token=8d7cba22d5c71719d3f1c9f3f84b7eb7:1219
[   21920ms] [INFO] Slow network is detected. See https://www.chromestatus.com/feature/5636954674692096 for more details. Fallback font will be used while loading: https://applied-walter-presidential-workshops.trycloudflare.com/admin757fzaeczoemdfwp0tx/themes/default/public/1a12317389afca44fc29.woff2 @ https://applied-walter-presidential-workshops.trycloudflare.com/admin757fzaeczoemdfwp0tx/index.php?controller=AdminDashboard&token=8d7cba22d5c71719d3f1c9f3f84b7eb7:1219
[   22127ms] [WARNING] JQMIGRATE: jQuery.fn.click() event shorthand is deprecated @ https://applied-walter-presidential-workshops.trycloudflare.com/js/jquery/jquery-migrate-3.1.0.min.js:1
[   22127ms] [WARNING] JQMIGRATE: jQuery.fn.bind() is deprecated @ https://applied-walter-presidential-workshops.trycloudflare.com/js/jquery/jquery-migrate-3.1.0.min.js:1
[   22128ms] [WARNING] JQMIGRATE: jQuery.fn.submit() event shorthand is deprecated @ https://applied-walter-presidential-workshops.trycloudflare.com/js/jquery/jquery-migrate-3.1.0.min.js:1
[   22130ms] [WARNING] JQMIGRATE: jQuery.fn.change() event shorthand is deprecated @ https://applied-walter-presidential-workshops.trycloudflare.com/js/jquery/jquery-migrate-3.1.0.min.js:1
[   22134ms] [WARNING] JQMIGRATE: jQuery.fn.keyup() event shorthand is deprecated @ https://applied-walter-presidential-workshops.trycloudflare.com/js/jquery/jquery-migrate-3.1.0.min.js:1
[   22160ms] [WARNING] JQMIGRATE: jQuery.fn.focus() event shorthand is deprecated @ https://applied-walter-presidential-workshops.trycloudflare.com/js/jquery/jquery-migrate-3.1.0.min.js:1
[   23209ms] [WARNING] JQMIGRATE: jQuery.fn.hover() is deprecated @ https://applied-walter-presidential-workshops.trycloudflare.com/js/jquery/jquery-migrate-3.1.0.min.js:1
[   23220ms] [WARNING] JQMIGRATE: jQuery.fn.scroll() event shorthand is deprecated @ https://applied-walter-presidential-workshops.trycloudflare.com/js/jquery/jquery-migrate-3.1.0.min.js:1
[   23571ms] [WARNING] <meta name="apple-mobile-web-app-capable" content="yes"> is deprecated. Please include <meta name="mobile-web-app-capable" content="yes"> @ https://applied-walter-presidential-workshops.trycloudflare.com/admin757fzaeczoemdfwp0tx/index.php?controller=AdminDashboard&token=8d7cba22d5c71719d3f1c9f3f84b7eb7:0
