[    3506ms] [LOG] JQMIGRATE: Migrate is installed with logging active, version 3.4.0 @ https://applied-walter-presidential-workshops.trycloudflare.com/admin757fzaeczoemdfwp0tx/themes/new-theme/public/main.bundle.js:603
[    3600ms] [WARNING] JQMIGRATE: 'ready' event is deprecated @ https://applied-walter-presidential-workshops.trycloudflare.com/admin757fzaeczoemdfwp0tx/themes/new-theme/public/main.bundle.js:603
[    3636ms] [INFO] Slow network is detected. See https://www.chromestatus.com/feature/5636954674692096 for more details. Fallback font will be used while loading: https://applied-walter-presidential-workshops.trycloudflare.com/admin757fzaeczoemdfwp0tx/themes/new-theme/public/967e123ad65de8c5d5c4..woff2 @ https://applied-walter-presidential-workshops.trycloudflare.com/admin757fzaeczoemdfwp0tx/index.php/sell/orders/18/view?_token=oMizIKF3__qwGyMreKQ5zl3rtB4SNMngC3UnjHKVMaw:0
[    3636ms] [INFO] Slow network is detected. See https://www.chromestatus.com/feature/5636954674692096 for more details. Fallback font will be used while loading: https://applied-walter-presidential-workshops.trycloudflare.com/admin757fzaeczoemdfwp0tx/themes/new-theme/public/fb9fdde61d631c58d46c..woff2 @ https://applied-walter-presidential-workshops.trycloudflare.com/admin757fzaeczoemdfwp0tx/index.php/sell/orders/18/view?_token=oMizIKF3__qwGyMreKQ5zl3rtB4SNMngC3UnjHKVMaw:0
[    3637ms] [INFO] Slow network is detected. See https://www.chromestatus.com/feature/5636954674692096 for more details. Fallback font will be used while loading: https://applied-walter-presidential-workshops.trycloudflare.com/admin757fzaeczoemdfwp0tx/themes/new-theme/public/1a12317389afca44fc29..woff2 @ https://applied-walter-presidential-workshops.trycloudflare.com/admin757fzaeczoemdfwp0tx/index.php/sell/orders/18/view?_token=oMizIKF3__qwGyMreKQ5zl3rtB4SNMngC3UnjHKVMaw:0
[    3637ms] [INFO] Slow network is detected. See https://www.chromestatus.com/feature/5636954674692096 for more details. Fallback font will be used while loading: https://applied-walter-presidential-workshops.trycloudflare.com/admin757fzaeczoemdfwp0tx/themes/new-theme/public/081d2724c871d44f2e9f..woff2 @ https://applied-walter-presidential-workshops.trycloudflare.com/admin757fzaeczoemdfwp0tx/index.php/sell/orders/18/view?_token=oMizIKF3__qwGyMreKQ5zl3rtB4SNMngC3UnjHKVMaw:0
[    3638ms] [INFO] Slow network is detected. See https://www.chromestatus.com/feature/5636954674692096 for more details. Fallback font will be used while loading: https://applied-walter-presidential-workshops.trycloudflare.com/admin757fzaeczoemdfwp0tx/themes/new-theme/public/0c36eafde177ab546868..woff2 @ https://applied-walter-presidential-workshops.trycloudflare.com/admin757fzaeczoemdfwp0tx/index.php/sell/orders/18/view?_token=oMizIKF3__qwGyMreKQ5zl3rtB4SNMngC3UnjHKVMaw:0
[    3639ms] [INFO] Slow network is detected. See https://www.chromestatus.com/feature/5636954674692096 for more details. Fallback font will be used while loading: https://applied-walter-presidential-workshops.trycloudflare.com/admin757fzaeczoemdfwp0tx/themes/new-theme/public/c2d26fca552c9a4d3689..woff2 @ https://applied-walter-presidential-workshops.trycloudflare.com/admin757fzaeczoemdfwp0tx/index.php/sell/orders/18/view?_token=oMizIKF3__qwGyMreKQ5zl3rtB4SNMngC3UnjHKVMaw:0
[    4107ms] [WARNING] JQMIGRATE: jQuery.isArray is deprecated; use Array.isArray @ https://applied-walter-presidential-workshops.trycloudflare.com/admin757fzaeczoemdfwp0tx/themes/new-theme/public/main.bundle.js:603
[    4139ms] [WARNING] JQMIGRATE: jQuery.fn.click() event shorthand is deprecated @ https://applied-walter-presidential-workshops.trycloudflare.com/admin757fzaeczoemdfwp0tx/themes/new-theme/public/main.bundle.js:603
[    4149ms] [WARNING] JQMIGRATE: jQuery.fn.hover() is deprecated @ https://applied-walter-presidential-workshops.trycloudflare.com/admin757fzaeczoemdfwp0tx/themes/new-theme/public/main.bundle.js:603
[    4178ms] [WARNING] JQMIGRATE: jQuery.fn.bind() is deprecated @ https://applied-walter-presidential-workshops.trycloudflare.com/admin757fzaeczoemdfwp0tx/themes/new-theme/public/main.bundle.js:603
[    4178ms] [WARNING] JQMIGRATE: jQuery.fn.submit() event shorthand is deprecated @ https://applied-walter-presidential-workshops.trycloudflare.com/admin757fzaeczoemdfwp0tx/themes/new-theme/public/main.bundle.js:603
[    4192ms] [WARNING] JQMIGRATE: jQuery.fn.unbind() is deprecated @ https://applied-walter-presidential-workshops.trycloudflare.com/admin757fzaeczoemdfwp0tx/themes/new-theme/public/main.bundle.js:603
[    4719ms] [WARNING] <meta name="apple-mobile-web-app-capable" content="yes"> is deprecated. Please include <meta name="mobile-web-app-capable" content="yes"> @ https://applied-walter-presidential-workshops.trycloudflare.com/admin757fzaeczoemdfwp0tx/index.php/sell/orders/18/view?_token=oMizIKF3__qwGyMreKQ5zl3rtB4SNMngC3UnjHKVMaw:0
[   52318ms] [WARNING] JQMIGRATE: jQuery.trim is deprecated; use String.prototype.trim @ https://applied-walter-presidential-workshops.trycloudflare.com/admin757fzaeczoemdfwp0tx/themes/new-theme/public/main.bundle.js:603
[  130471ms] [LOG] JQMIGRATE: Migrate is installed with logging active, version 3.4.0 @ https://applied-walter-presidential-workshops.trycloudflare.com/admin757fzaeczoemdfwp0tx/themes/new-theme/public/main.bundle.js:603
[  130554ms] [WARNING] JQMIGRATE: 'ready' event is deprecated @ https://applied-walter-presidential-workshops.trycloudflare.com/admin757fzaeczoemdfwp0tx/themes/new-theme/public/main.bundle.js:603
[  130660ms] [WARNING] JQMIGRATE: jQuery.isArray is deprecated; use Array.isArray @ https://applied-walter-presidential-workshops.trycloudflare.com/admin757fzaeczoemdfwp0tx/themes/new-theme/public/main.bundle.js:603
[  130674ms] [WARNING] JQMIGRATE: jQuery.fn.click() event shorthand is deprecated @ https://applied-walter-presidential-workshops.trycloudflare.com/admin757fzaeczoemdfwp0tx/themes/new-theme/public/main.bundle.js:603
[  130676ms] [WARNING] JQMIGRATE: jQuery.fn.hover() is deprecated @ https://applied-walter-presidential-workshops.trycloudflare.com/admin757fzaeczoemdfwp0tx/themes/new-theme/public/main.bundle.js:603
[  130692ms] [WARNING] JQMIGRATE: jQuery.fn.bind() is deprecated @ https://applied-walter-presidential-workshops.trycloudflare.com/admin757fzaeczoemdfwp0tx/themes/new-theme/public/main.bundle.js:603
[  130693ms] [WARNING] JQMIGRATE: jQuery.fn.submit() event shorthand is deprecated @ https://applied-walter-presidential-workshops.trycloudflare.com/admin757fzaeczoemdfwp0tx/themes/new-theme/public/main.bundle.js:603
[  130701ms] [WARNING] JQMIGRATE: jQuery.fn.unbind() is deprecated @ https://applied-walter-presidential-workshops.trycloudflare.com/admin757fzaeczoemdfwp0tx/themes/new-theme/public/main.bundle.js:603
[  130755ms] [WARNING] <meta name="apple-mobile-web-app-capable" content="yes"> is deprecated. Please include <meta name="mobile-web-app-capable" content="yes"> @ https://applied-walter-presidential-workshops.trycloudflare.com/admin757fzaeczoemdfwp0tx/index.php/sell/orders/18/view?_token=oMizIKF3__qwGyMreKQ5zl3rtB4SNMngC3UnjHKVMaw:0
[  151545ms] [LOG] JQMIGRATE: Migrate is installed with logging active, version 3.4.0 @ https://applied-walter-presidential-workshops.trycloudflare.com/admin757fzaeczoemdfwp0tx/themes/new-theme/public/main.bundle.js:603
[  151602ms] [WARNING] JQMIGRATE: 'ready' event is deprecated @ https://applied-walter-presidential-workshops.trycloudflare.com/admin757fzaeczoemdfwp0tx/themes/new-theme/public/main.bundle.js:603
[  151661ms] [WARNING] JQMIGRATE: jQuery.isArray is deprecated; use Array.isArray @ https://applied-walter-presidential-workshops.trycloudflare.com/admin757fzaeczoemdfwp0tx/themes/new-theme/public/main.bundle.js:603
[  151676ms] [WARNING] JQMIGRATE: jQuery.fn.click() event shorthand is deprecated @ https://applied-walter-presidential-workshops.trycloudflare.com/admin757fzaeczoemdfwp0tx/themes/new-theme/public/main.bundle.js:603
[  151679ms] [WARNING] JQMIGRATE: jQuery.fn.hover() is deprecated @ https://applied-walter-presidential-workshops.trycloudflare.com/admin757fzaeczoemdfwp0tx/themes/new-theme/public/main.bundle.js:603
[  151698ms] [WARNING] JQMIGRATE: jQuery.fn.bind() is deprecated @ https://applied-walter-presidential-workshops.trycloudflare.com/admin757fzaeczoemdfwp0tx/themes/new-theme/public/main.bundle.js:603
[  151699ms] [WARNING] JQMIGRATE: jQuery.fn.submit() event shorthand is deprecated @ https://applied-walter-presidential-workshops.trycloudflare.com/admin757fzaeczoemdfwp0tx/themes/new-theme/public/main.bundle.js:603
[  151705ms] [WARNING] JQMIGRATE: jQuery.fn.unbind() is deprecated @ https://applied-walter-presidential-workshops.trycloudflare.com/admin757fzaeczoemdfwp0tx/themes/new-theme/public/main.bundle.js:603
[  151994ms] [WARNING] <meta name="apple-mobile-web-app-capable" content="yes"> is deprecated. Please include <meta name="mobile-web-app-capable" content="yes"> @ https://applied-walter-presidential-workshops.trycloudflare.com/admin757fzaeczoemdfwp0tx/index.php/sell/orders/18/view?_token=oMizIKF3__qwGyMreKQ5zl3rtB4SNMngC3UnjHKVMaw:0
